Archive member included to satisfy reference by file (symbol)

.build/obj_sofle_rev1_default-colemak-dhm/i2c_master.a(i2c_master.o)
                              .build/obj_sofle_rev1_default-colemak-dhm/ssd1306_sh1106.o (i2c_init)
.build/obj_sofle_rev1_default-colemak-dhm/serial.a(serial.o)
                              .build/obj_sofle_rev1_default-colemak-dhm/quantum/split_common/transport.o (soft_serial_initiator_init)
c:/qmk_msys/mingw64/bin/../lib/gcc/avr/8.5.0/../../../../avr/lib/avr5\libm.a(fixunssfsi.o)
                              .build/obj_sofle_rev1_default-colemak-dhm/protocol/host.o (__fixunssfsi)
c:/qmk_msys/mingw64/bin/../lib/gcc/avr/8.5.0/../../../../avr/lib/avr5\libm.a(fp_split3.o)
                              c:/qmk_msys/mingw64/bin/../lib/gcc/avr/8.5.0/../../../../avr/lib/avr5\libm.a(fixunssfsi.o) (__fp_splitA)
c:/qmk_msys/mingw64/bin/../lib/gcc/avr/8.5.0/../../../../avr/lib/avr5\libm.a(fp_zero.o)
                              c:/qmk_msys/mingw64/bin/../lib/gcc/avr/8.5.0/../../../../avr/lib/avr5\libm.a(fixunssfsi.o) (__fp_zero)
c:/qmk_msys/mingw64/bin/../lib/gcc/avr/8.5.0/../../../../avr/lib/avr5\libm.a(mulsf3.o)
                              .build/obj_sofle_rev1_default-colemak-dhm/protocol/host.o (__mulsf3)
c:/qmk_msys/mingw64/bin/../lib/gcc/avr/8.5.0/../../../../avr/lib/avr5\libm.a(mulsf3x.o)
                              c:/qmk_msys/mingw64/bin/../lib/gcc/avr/8.5.0/../../../../avr/lib/avr5\libm.a(mulsf3.o) (__mulsf3x)
c:/qmk_msys/mingw64/bin/../lib/gcc/avr/8.5.0/../../../../avr/lib/avr5\libm.a(fp_inf.o)
                              c:/qmk_msys/mingw64/bin/../lib/gcc/avr/8.5.0/../../../../avr/lib/avr5\libm.a(mulsf3x.o) (__fp_inf)
c:/qmk_msys/mingw64/bin/../lib/gcc/avr/8.5.0/../../../../avr/lib/avr5\libm.a(fp_nan.o)
                              c:/qmk_msys/mingw64/bin/../lib/gcc/avr/8.5.0/../../../../avr/lib/avr5\libm.a(mulsf3x.o) (__fp_nan)
c:/qmk_msys/mingw64/bin/../lib/gcc/avr/8.5.0/../../../../avr/lib/avr5\libm.a(fp_pscA.o)
                              c:/qmk_msys/mingw64/bin/../lib/gcc/avr/8.5.0/../../../../avr/lib/avr5\libm.a(mulsf3x.o) (__fp_pscA)
c:/qmk_msys/mingw64/bin/../lib/gcc/avr/8.5.0/../../../../avr/lib/avr5\libm.a(fp_pscB.o)
                              c:/qmk_msys/mingw64/bin/../lib/gcc/avr/8.5.0/../../../../avr/lib/avr5\libm.a(mulsf3x.o) (__fp_pscB)
c:/qmk_msys/mingw64/bin/../lib/gcc/avr/8.5.0/../../../../avr/lib/avr5\libm.a(fp_round.o)
                              c:/qmk_msys/mingw64/bin/../lib/gcc/avr/8.5.0/../../../../avr/lib/avr5\libm.a(mulsf3.o) (__fp_round)
c:/qmk_msys/mingw64/bin/../lib/gcc/avr/8.5.0/avr5\libgcc.a(_udivmodqi4.o)
                              .build/obj_sofle_rev1_default-colemak-dhm/ssd1306_sh1106.o (__udivmodqi4)
c:/qmk_msys/mingw64/bin/../lib/gcc/avr/8.5.0/avr5\libgcc.a(_udivmodhi4.o)
                              .build/obj_sofle_rev1_default-colemak-dhm/ssd1306_sh1106.o (__udivmodhi4)
c:/qmk_msys/mingw64/bin/../lib/gcc/avr/8.5.0/avr5\libgcc.a(_divmodhi4.o)
                              .build/obj_sofle_rev1_default-colemak-dhm/quantum/encoder.o (__divmodhi4)
c:/qmk_msys/mingw64/bin/../lib/gcc/avr/8.5.0/avr5\libgcc.a(_udivmodsi4.o)
                              .build/obj_sofle_rev1_default-colemak-dhm/quantum/quantum.o (__udivmodsi4)
c:/qmk_msys/mingw64/bin/../lib/gcc/avr/8.5.0/avr5\libgcc.a(_exit.o)
                              c:/qmk_msys/mingw64/bin/../lib/gcc/avr/8.5.0/../../../../avr/lib/avr5/crtatmega32u4.o (exit)
c:/qmk_msys/mingw64/bin/../lib/gcc/avr/8.5.0/avr5\libgcc.a(_tablejump2.o)
                              .build/obj_sofle_rev1_default-colemak-dhm/quantum/action.o (__tablejump2__)
c:/qmk_msys/mingw64/bin/../lib/gcc/avr/8.5.0/avr5\libgcc.a(_copy_data.o)
                              .build/obj_sofle_rev1_default-colemak-dhm/quantum/quantum.o (__do_copy_data)
c:/qmk_msys/mingw64/bin/../lib/gcc/avr/8.5.0/avr5\libgcc.a(_clear_bss.o)
                              .build/obj_sofle_rev1_default-colemak-dhm/quantum/quantum.o (__do_clear_bss)
c:/qmk_msys/mingw64/bin/../lib/gcc/avr/8.5.0/avr5\libgcc.a(_prologue.o)
                              .build/obj_sofle_rev1_default-colemak-dhm/quantum/quantum.o (__prologue_saves__)
c:/qmk_msys/mingw64/bin/../lib/gcc/avr/8.5.0/avr5\libgcc.a(_epilogue.o)
                              .build/obj_sofle_rev1_default-colemak-dhm/quantum/quantum.o (__epilogue_restores__)
c:/qmk_msys/mingw64/bin/../lib/gcc/avr/8.5.0/../../../../avr/lib/avr5\libc.a(memcpy_P.o)
                              .build/obj_sofle_rev1_default-colemak-dhm/ssd1306_sh1106.o (memcpy_P)
c:/qmk_msys/mingw64/bin/../lib/gcc/avr/8.5.0/../../../../avr/lib/avr5\libc.a(memcmp.o)
                              .build/obj_sofle_rev1_default-colemak-dhm/quantum/action_util.o (memcmp)
c:/qmk_msys/mingw64/bin/../lib/gcc/avr/8.5.0/../../../../avr/lib/avr5\libc.a(memcpy.o)
[...]
Memory Configuration

Name             Origin             Length             Attributes
text             0x0000000000000000 0x0000000000020000 xr
data             0x0000000000800060 0x000000000000ffa0 rw !x
eeprom           0x0000000000810000 0x0000000000010000 rw !x
fuse             0x0000000000820000 0x0000000000000400 rw !x
lock             0x0000000000830000 0x0000000000000400 rw !x
signature        0x0000000000840000 0x0000000000000400 rw !x
user_signatures  0x0000000000850000 0x0000000000000400 rw !x
*default*        0x0000000000000000 0xffffffffffffffff

Linker script and memory map

Address of section .data set to 0x800100
LOAD c:/qmk_msys/mingw64/bin/../lib/gcc/avr/8.5.0/../../../../avr/lib/avr5/crtatmega32u4.o
LOAD .build/obj_sofle_rev1_default-colemak-dhm/keyboards/sofle/sofle.o
LOAD .build/obj_sofle_rev1_default-colemak-dhm/keyboards/sofle/rev1/rev1.o
LOAD .build/obj_sofle_rev1_default-colemak-dhm/.build/obj_sofle_rev1/src/default_keyboard.o
LOAD .build/obj_sofle_rev1_default-colemak-dhm/keyboards/sofle/keymaps/default-colemak-dhm/keymap.o
LOAD .build/obj_sofle_rev1_default-colemak-dhm/quantum/quantum.o
LOAD .build/obj_sofle_rev1_default-colemak-dhm/quantum/send_string.o
LOAD .build/obj_sofle_rev1_default-colemak-dhm/quantum/bitwise.o
LOAD .build/obj_sofle_rev1_default-colemak-dhm/quantum/led.o
LOAD .build/obj_sofle_rev1_default-colemak-dhm/quantum/action.o
LOAD .build/obj_sofle_rev1_default-colemak-dhm/quantum/action_layer.o
LOAD .build/obj_sofle_rev1_default-colemak-dhm/quantum/action_tapping.o
LOAD .build/obj_sofle_rev1_default-colemak-dhm/quantum/action_util.o
LOAD .build/obj_sofle_rev1_default-colemak-dhm/quantum/eeconfig.o
LOAD .build/obj_sofle_rev1_default-colemak-dhm/quantum/keyboard.o
LOAD .build/obj_sofle_rev1_default-colemak-dhm/quantum/keymap_common.o
LOAD .build/obj_sofle_rev1_default-colemak-dhm/quantum/keycode_config.o
LOAD .build/obj_sofle_rev1_default-colemak-dhm/quantum/sync_timer.o
LOAD .build/obj_sofle_rev1_default-colemak-dhm/quantum/logging/debug.o
LOAD .build/obj_sofle_rev1_default-colemak-dhm/quantum/logging/sendchar.o
LOAD .build/obj_sofle_rev1_default-colemak-dhm/quantum/bootmagic/magic.o
LOAD .build/obj_sofle_rev1_default-colemak-dhm/quantum/matrix_common.o
LOAD .build/obj_sofle_rev1_default-colemak-dhm/quantum/matrix.o
LOAD .build/obj_sofle_rev1_default-colemak-dhm/quantum/debounce/sym_defer_g.o
LOAD .build/obj_sofle_rev1_default-colemak-dhm/quantum/split_common/split_util.o
LOAD .build/obj_sofle_rev1_default-colemak-dhm/quantum/split_common/transport.o
LOAD .build/obj_sofle_rev1_default-colemak-dhm/quantum/split_common/transactions.o
LOAD .build/obj_sofle_rev1_default-colemak-dhm/quantum/main.o
LOAD .build/obj_sofle_rev1_default-colemak-dhm/crc.o
LOAD .build/obj_sofle_rev1_default-colemak-dhm/ssd1306_sh1106.o
LOAD .build/obj_sofle_rev1_default-colemak-dhm/quantum/process_keycode/process_magic.o
LOAD .build/obj_sofle_rev1_default-colemak-dhm/quantum/encoder.o
LOAD .build/obj_sofle_rev1_default-colemak-dhm/quantum/process_keycode/process_grave_esc.o
LOAD .build/obj_sofle_rev1_default-colemak-dhm/quantum/process_keycode/process_space_cadet.o
LOAD .build/obj_sofle_rev1_default-colemak-dhm/i2c_master.a
LOAD .build/obj_sofle_rev1_default-colemak-dhm/i2c_slave.a
LOAD .build/obj_sofle_rev1_default-colemak-dhm/serial.a
LOAD .build/obj_sofle_rev1_default-colemak-dhm/platforms/avr/xprintf.o
LOAD .build/obj_sofle_rev1_default-colemak-dhm/platforms/avr/printf.o
LOAD .build/obj_sofle_rev1_default-colemak-dhm/protocol/host.o
LOAD .build/obj_sofle_rev1_default-colemak-dhm/protocol/report.o
LOAD .build/obj_sofle_rev1_default-colemak-dhm/protocol/usb_device_state.o
LOAD .build/obj_sofle_rev1_default-colemak-dhm/protocol/usb_util.o
LOAD .build/obj_sofle_rev1_default-colemak-dhm/platforms/suspend.o
LOAD .build/obj_sofle_rev1_default-colemak-dhm/platforms/avr/hardware_id.o
LOAD .build/obj_sofle_rev1_default-colemak-dhm/platforms/avr/platform.o
LOAD .build/obj_sofle_rev1_default-colemak-dhm/platforms/avr/suspend.o
LOAD .build/obj_sofle_rev1_default-colemak-dhm/platforms/avr/timer.o
LOAD .build/obj_sofle_rev1_default-colemak-dhm/platforms/avr/bootloaders/caterina.o
LOAD .build/obj_sofle_rev1_default-colemak-dhm/lufa.o
LOAD .build/obj_sofle_rev1_default-colemak-dhm/usb_descriptor.o
LOAD .build/obj_sofle_rev1_default-colemak-dhm/lib/lufa/LUFA/Drivers/USB/Class/Common/HIDParser.o
LOAD .build/obj_sofle_rev1_default-colemak-dhm/lib/lufa/LUFA/Drivers/USB/Core/AVR8/Device_AVR8.o
LOAD .build/obj_sofle_rev1_default-colemak-dhm/lib/lufa/LUFA/Drivers/USB/Core/AVR8/EndpointStream_AVR8.o
LOAD .build/obj_sofle_rev1_default-colemak-dhm/lib/lufa/LUFA/Drivers/USB/Core/AVR8/Endpoint_AVR8.o
LOAD .build/obj_sofle_rev1_default-colemak-dhm/lib/lufa/LUFA/Drivers/USB/Core/AVR8/Host_AVR8.o
LOAD .build/obj_sofle_rev1_default-colemak-dhm/lib/lufa/LUFA/Drivers/USB/Core/AVR8/PipeStream_AVR8.o
LOAD .build/obj_sofle_rev1_default-colemak-dhm/lib/lufa/LUFA/Drivers/USB/Core/AVR8/Pipe_AVR8.o
LOAD .build/obj_sofle_rev1_default-colemak-dhm/lib/lufa/LUFA/Drivers/USB/Core/AVR8/USBController_AVR8.o
LOAD .build/obj_sofle_rev1_default-colemak-dhm/lib/lufa/LUFA/Drivers/USB/Core/AVR8/USBInterrupt_AVR8.o
LOAD .build/obj_sofle_rev1_default-colemak-dhm/lib/lufa/LUFA/Drivers/USB/Core/ConfigDescriptors.o
LOAD .build/obj_sofle_rev1_default-colemak-dhm/lib/lufa/LUFA/Drivers/USB/Core/DeviceStandardReq.o
LOAD .build/obj_sofle_rev1_default-colemak-dhm/lib/lufa/LUFA/Drivers/USB/Core/Events.o
LOAD .build/obj_sofle_rev1_default-colemak-dhm/lib/lufa/LUFA/Drivers/USB/Core/HostStandardReq.o
LOAD .build/obj_sofle_rev1_default-colemak-dhm/lib/lufa/LUFA/Drivers/USB/Core/USBTask.o
LOAD .build/obj_sofle_rev1_default-colemak-dhm/protocol/lufa/usb_util.o
LOAD c:/qmk_msys/mingw64/bin/../lib/gcc/avr/8.5.0/../../../../avr/lib/avr5\libm.a
START GROUP
LOAD c:/qmk_msys/mingw64/bin/../lib/gcc/avr/8.5.0/avr5\libgcc.a
LOAD c:/qmk_msys/mingw64/bin/../lib/gcc/avr/8.5.0/../../../../avr/lib/avr5\libm.a
LOAD c:/qmk_msys/mingw64/bin/../lib/gcc/avr/8.5.0/../../../../avr/lib/avr5\libc.a
LOAD c:/qmk_msys/mingw64/bin/../lib/gcc/avr/8.5.0/../../../../avr/lib/avr5\libatmega32u4.a
END GROUP
                0x0000000000020000                __TEXT_REGION_LENGTH__ = DEFINED (__TEXT_REGION_LENGTH__)?__TEXT_REGION_LENGTH__:0x20000
                0x000000000000ffa0                __DATA_REGION_LENGTH__ = DEFINED (__DATA_REGION_LENGTH__)?__DATA_REGION_LENGTH__:0xffa0
                0x0000000000010000                __EEPROM_REGION_LENGTH__ = DEFINED (__EEPROM_REGION_LENGTH__)?__EEPROM_REGION_LENGTH__:0x10000
                0x0000000000000400                __FUSE_REGION_LENGTH__ = DEFINED (__FUSE_REGION_LENGTH__)?__FUSE_REGION_LENGTH__:0x400
                0x0000000000000400                __LOCK_REGION_LENGTH__ = DEFINED (__LOCK_REGION_LENGTH__)?__LOCK_REGION_LENGTH__:0x400
                0x0000000000000400                __SIGNATURE_REGION_LENGTH__ = DEFINED (__SIGNATURE_REGION_LENGTH__)?__SIGNATURE_REGION_LENGTH__:0x400
                0x0000000000000400                __USER_SIGNATURE_REGION_LENGTH__ = DEFINED (__USER_SIGNATURE_REGION_LENGTH__)?__USER_SIGNATURE_REGION_LENGTH__:0x400

.hash
 *(.hash)

.dynsym
 *(.dynsym)

.dynstr
 *(.dynstr)

.gnu.version
 *(.gnu.version)

.gnu.version_d
 *(.gnu.version_d)

.gnu.version_r
 *(.gnu.version_r)

.rel.init
 *(.rel.init)

.rela.init
 *(.rela.init)

.rel.text
 *(.rel.text)
 *(.rel.text.*)
 *(.rel.gnu.linkonce.t*)

.rela.text
 *(.rela.text)
 *(.rela.text.*)
 *(.rela.gnu.linkonce.t*)

.rel.fini
 *(.rel.fini)

.rela.fini
 *(.rela.fini)

.rel.rodata
 *(.rel.rodata)
 *(.rel.rodata.*)
 *(.rel.gnu.linkonce.r*)

.rela.rodata
 *(.rela.rodata)
 *(.rela.rodata.*)
 *(.rela.gnu.linkonce.r*)

.rel.data
 *(.rel.data)
 *(.rel.data.*)
 *(.rel.gnu.linkonce.d*)

.rela.data
 *(.rela.data)
 *(.rela.data.*)
 *(.rela.gnu.linkonce.d*)

.rel.ctors
 *(.rel.ctors)

.rela.ctors
 *(.rela.ctors)

.rel.dtors
 *(.rel.dtors)

.rela.dtors
 *(.rela.dtors)

.rel.got
 *(.rel.got)

.rela.got
 *(.rela.got)

.rel.bss
 *(.rel.bss)

.rela.bss
 *(.rela.bss)

.rel.plt
 *(.rel.plt)

.rela.plt
 *(.rela.plt)

.text           0x0000000000000000     0x5c1e
 *(.vectors)
 .vectors       0x0000000000000000       0xac c:/qmk_msys/mingw64/bin/../lib/gcc/avr/8.5.0/../../../../avr/lib/avr5/crtatmega32u4.o
                0x0000000000000000                __vector_default
                0x0000000000000000                __vectors
 *(.vectors)
 *(.progmem.gcc*)
                0x00000000000000ac                . = ALIGN (0x2)
                0x00000000000000ac                __trampolines_start = .
 *(.trampolines)
 .trampolines   0x00000000000000ac        0x0 linker stubs
 *(.trampolines*)
                0x00000000000000ac                __trampolines_end = .
 *libprintf_flt.a:*(.progmem.data)
 *libc.a:*(.progmem.data)
 *(.progmem.*)
 .progmem.data.hand_swap_config
                0x00000000000000ac       0x78 .build/obj_sofle_rev1_default-colemak-dhm/keyboards/sofle/sofle.o
                0x00000000000000ac                hand_swap_config
 .progmem.data.qmk_logo.3895
                0x0000000000000124       0x40 .build/obj_sofle_rev1_default-colemak-dhm/keyboards/sofle/keymaps/default-colemak-dhm/keymap.o
 .progmem.data.__c.3946
                0x0000000000000164        0x6 .build/obj_sofle_rev1_default-colemak-dhm/keyboards/sofle/keymaps/default-colemak-dhm/keymap.o
 .progmem.data.__c.3943
                0x000000000000016a        0x3 .build/obj_sofle_rev1_default-colemak-dhm/keyboards/sofle/keymaps/default-colemak-dhm/keymap.o
 .progmem.data.__c.3941
                0x000000000000016d        0x6 .build/obj_sofle_rev1_default-colemak-dhm/keyboards/sofle/keymaps/default-colemak-dhm/keymap.o
 .progmem.data.__c.3938
                0x0000000000000173        0x5 .build/obj_sofle_rev1_default-colemak-dhm/keyboards/sofle/keymaps/default-colemak-dhm/keymap.o
 .progmem.data.__c.3935
                0x0000000000000178        0x6 .build/obj_sofle_rev1_default-colemak-dhm/keyboards/sofle/keymaps/default-colemak-dhm/keymap.o
 .progmem.data.__c.3932
                0x000000000000017e        0x6 .build/obj_sofle_rev1_default-colemak-dhm/keyboards/sofle/keymaps/default-colemak-dhm/keymap.o
 .progmem.data.__c.3928
                0x0000000000000184        0x6 .build/obj_sofle_rev1_default-colemak-dhm/keyboards/sofle/keymaps/default-colemak-dhm/keymap.o
 .progmem.data.__c.3924
                0x000000000000018a        0x6 .build/obj_sofle_rev1_default-colemak-dhm/keyboards/sofle/keymaps/default-colemak-dhm/keymap.o
 .progmem.data.__c.3922
                0x0000000000000190        0x3 .build/obj_sofle_rev1_default-colemak-dhm/keyboards/sofle/keymaps/default-colemak-dhm/keymap.o
 .progmem.data.__c.3920
                0x0000000000000193        0x6 .build/obj_sofle_rev1_default-colemak-dhm/keyboards/sofle/keymaps/default-colemak-dhm/keymap.o
 .progmem.data.__c.3917
                0x0000000000000199        0x5 .build/obj_sofle_rev1_default-colemak-dhm/keyboards/sofle/keymaps/default-colemak-dhm/keymap.o
 .progmem.data.__c.3914
                0x000000000000019e        0x5 .build/obj_sofle_rev1_default-colemak-dhm/keyboards/sofle/keymaps/default-colemak-dhm/keymap.o
 .progmem.data.__c.3910
                0x00000000000001a3        0x5 .build/obj_sofle_rev1_default-colemak-dhm/keyboards/sofle/keymaps/default-colemak-dhm/keymap.o
 .progmem.data.__c.3907
                0x00000000000001a8        0x4 .build/obj_sofle_rev1_default-colemak-dhm/keyboards/sofle/keymaps/default-colemak-dhm/keymap.o
 .progmem.data.__c.3905
                0x00000000000001ac        0x4 .build/obj_sofle_rev1_default-colemak-dhm/keyboards/sofle/keymaps/default-colemak-dhm/keymap.o
 .progmem.data.__c.3903
                0x00000000000001b0        0x1 .build/obj_sofle_rev1_default-colemak-dhm/keyboards/sofle/keymaps/default-colemak-dhm/keymap.o
 .progmem.data.__c.3901
                0x00000000000001b1        0x5 .build/obj_sofle_rev1_default-colemak-dhm/keyboards/sofle/keymaps/default-colemak-dhm/keymap.o
 .progmem.data.__c.3899
                0x00000000000001b6        0x3 .build/obj_sofle_rev1_default-colemak-dhm/keyboards/sofle/keymaps/default-colemak-dhm/keymap.o
 .progmem.data.keymaps
                0x00000000000001b9      0x2d0 .build/obj_sofle_rev1_default-colemak-dhm/keyboards/sofle/keymaps/default-colemak-dhm/keymap.o
                0x00000000000001b9                keymaps
 .progmem.data.display_off.2302
                0x0000000000000489        0x2 .build/obj_sofle_rev1_default-colemak-dhm/ssd1306_sh1106.o
 .progmem.data.display_on.2298
                0x000000000000048b        0x2 .build/obj_sofle_rev1_default-colemak-dhm/ssd1306_sh1106.o
 .progmem.data.display_setup2.2129
                0x000000000000048d        0xd .build/obj_sofle_rev1_default-colemak-dhm/ssd1306_sh1106.o
 .progmem.data.display_flipped.2128
                0x000000000000049a        0x3 .build/obj_sofle_rev1_default-colemak-dhm/ssd1306_sh1106.o
 .progmem.data.display_normal.2127
                0x000000000000049d        0x3 .build/obj_sofle_rev1_default-colemak-dhm/ssd1306_sh1106.o
 .progmem.data.display_setup1.2126
                0x00000000000004a0        0xd .build/obj_sofle_rev1_default-colemak-dhm/ssd1306_sh1106.o
 .progmem.data.font
                0x00000000000004ad      0x540 .build/obj_sofle_rev1_default-colemak-dhm/ssd1306_sh1106.o
 .progmem.data.ProductString
                0x00000000000009ed        0xe .build/obj_sofle_rev1_default-colemak-dhm/usb_descriptor.o
                0x00000000000009ed                ProductString
 .progmem.data.ManufacturerString
                0x00000000000009fb       0x1c .build/obj_sofle_rev1_default-colemak-dhm/usb_descriptor.o
                0x00000000000009fb                ManufacturerString
 .progmem.data.LanguageString
                0x0000000000000a17        0x4 .build/obj_sofle_rev1_default-colemak-dhm/usb_descriptor.o
                0x0000000000000a17                LanguageString
 .progmem.data.ConfigurationDescriptor
                0x0000000000000a1b       0x3b .build/obj_sofle_rev1_default-colemak-dhm/usb_descriptor.o
                0x0000000000000a1b                ConfigurationDescriptor
 .progmem.data.DeviceDescriptor
                0x0000000000000a56       0x12 .build/obj_sofle_rev1_default-colemak-dhm/usb_descriptor.o
                0x0000000000000a56                DeviceDescriptor
 .progmem.data.SharedReport
                0x0000000000000a68       0x32 .build/obj_sofle_rev1_default-colemak-dhm/usb_descriptor.o
                0x0000000000000a68                SharedReport
 .progmem.data.KeyboardReport
                0x0000000000000a9a       0x40 .build/obj_sofle_rev1_default-colemak-dhm/usb_descriptor.o
                0x0000000000000a9a                KeyboardReport
                0x0000000000000ada                . = ALIGN (0x2)
 *(.lowtext)
 *(.lowtext*)
                0x0000000000000ada                __ctors_start = .
 *(.ctors)
                0x0000000000000ada                __ctors_end = .
                0x0000000000000ada                __dtors_start = .
 *(.dtors)
                0x0000000000000ada                __dtors_end = .
 SORT_BY_NAME(*)(.ctors)
 SORT_BY_NAME(*)(.dtors)
 *(.init0)
 .init0         0x0000000000000ada        0x0 c:/qmk_msys/mingw64/bin/../lib/gcc/avr/8.5.0/../../../../avr/lib/avr5/crtatmega32u4.o
                0x0000000000000ada                __init
 *(.init0)
 *(.init1)
 *(.init1)
 *(.init2)
 .init2         0x0000000000000ada        0xc c:/qmk_msys/mingw64/bin/../lib/gcc/avr/8.5.0/../../../../avr/lib/avr5/crtatmega32u4.o
 *(.init2)
 *(.init3)
 *(.init3)
 *(.init4)
 .init4         0x0000000000000ae6       0x16 c:/qmk_msys/mingw64/bin/../lib/gcc/avr/8.5.0/avr5\libgcc.a(_copy_data.o)
                0x0000000000000ae6                __do_copy_data
 .init4         0x0000000000000afc       0x10 c:/qmk_msys/mingw64/bin/../lib/gcc/avr/8.5.0/avr5\libgcc.a(_clear_bss.o)
                0x0000000000000afc                __do_clear_bss
 *(.init4)
 *(.init5)
 *(.init5)
 *(.init6)
 *(.init6)
 *(.init7)
 *(.init7)
 *(.init8)
 *(.init8)
 *(.init9)
 .init9         0x0000000000000b0c        0x8 c:/qmk_msys/mingw64/bin/../lib/gcc/avr/8.5.0/../../../../avr/lib/avr5/crtatmega32u4.o
 *(.init9)
 *(.text)
 .text          0x0000000000000b14        0x4 c:/qmk_msys/mingw64/bin/../lib/gcc/avr/8.5.0/../../../../avr/lib/avr5/crtatmega32u4.o
                0x0000000000000b14                __vector_38
                0x0000000000000b14                __vector_22
                0x0000000000000b14                __vector_28
                0x0000000000000b14                __vector_1
                0x0000000000000b14                __vector_32
                0x0000000000000b14                __vector_34
                0x0000000000000b14                __vector_24
                0x0000000000000b14                __bad_interrupt
                0x0000000000000b14                __vector_6
                0x0000000000000b14                __vector_31
                0x0000000000000b14                __vector_35
                0x0000000000000b14                __vector_39
                0x0000000000000b14                __vector_23
                0x0000000000000b14                __vector_30
                0x0000000000000b14                __vector_25
                0x0000000000000b14                __vector_13
                0x0000000000000b14                __vector_17
                0x0000000000000b14                __vector_19
                0x0000000000000b14                __vector_7
                0x0000000000000b14                __vector_41
                0x0000000000000b14                __vector_27
                0x0000000000000b14                __vector_5
                0x0000000000000b14                __vector_33
                0x0000000000000b14                __vector_37
                0x0000000000000b14                __vector_4
                0x0000000000000b14                __vector_9
                0x0000000000000b14                __vector_2
                0x0000000000000b14                __vector_15
                0x0000000000000b14                __vector_36
                0x0000000000000b14                __vector_29
                0x0000000000000b14                __vector_40
                0x0000000000000b14                __vector_8
                0x0000000000000b14                __vector_26
                0x0000000000000b14                __vector_14
                0x0000000000000b14                __vector_16
                0x0000000000000b14                __vector_18
                0x0000000000000b14                __vector_20
                0x0000000000000b14                __vector_42
                0x0000000000000b18                . = ALIGN (0x2)
 *(.text.*)
 .text.oled_init_user
                0x0000000000000b18       0x12 .build/obj_sofle_rev1_default-colemak-dhm/keyboards/sofle/keymaps/default-colemak-dhm/keymap.o
                0x0000000000000b18                oled_init_user
 .text.oled_task_user
                0x0000000000000b2a      0x118 .build/obj_sofle_rev1_default-colemak-dhm/keyboards/sofle/keymaps/default-colemak-dhm/keymap.o
                0x0000000000000b2a                oled_task_user
 .text.process_record_user
                0x0000000000000c42      0x252 .build/obj_sofle_rev1_default-colemak-dhm/keyboards/sofle/keymaps/default-colemak-dhm/keymap.o
                0x0000000000000c42                process_record_user
 .text.encoder_update_user
                0x0000000000000e94       0x22 .build/obj_sofle_rev1_default-colemak-dhm/keyboards/sofle/keymaps/default-colemak-dhm/keymap.o
                0x0000000000000e94                encoder_update_user
 .text.process_action_kb
                0x0000000000000eb6        0x4 .build/obj_sofle_rev1_default-colemak-dhm/quantum/quantum.o
                0x0000000000000eb6                process_action_kb
 .text.process_record_kb
                0x0000000000000eba        0x6 .build/obj_sofle_rev1_default-colemak-dhm/quantum/quantum.o
                0x0000000000000eba                process_record_kb
 .text.post_process_record_user
                0x0000000000000ec0        0x2 .build/obj_sofle_rev1_default-colemak-dhm/quantum/quantum.o
                0x0000000000000ec0                post_process_record_user
 .text.post_process_record_kb
                0x0000000000000ec2        0x6 .build/obj_sofle_rev1_default-colemak-dhm/quantum/quantum.o
                0x0000000000000ec2                post_process_record_kb
 .text.get_event_keycode
                0x0000000000000ec8       0x58 .build/obj_sofle_rev1_default-colemak-dhm/quantum/quantum.o
                0x0000000000000ec8                get_event_keycode
 .text.get_record_keycode
                0x0000000000000f20       0x14 .build/obj_sofle_rev1_default-colemak-dhm/quantum/quantum.o
                0x0000000000000f20                get_record_keycode
 .text.pre_process_record_quantum
                0x0000000000000f34        0x4 .build/obj_sofle_rev1_default-colemak-dhm/quantum/quantum.o
                0x0000000000000f34                pre_process_record_quantum
 .text.post_process_record_quantum
                0x0000000000000f38       0x18 .build/obj_sofle_rev1_default-colemak-dhm/quantum/quantum.o
                0x0000000000000f38                post_process_record_quantum
 .text.set_single_persistent_default_layer
                0x0000000000000f50       0x36 .build/obj_sofle_rev1_default-colemak-dhm/quantum/quantum.o
                0x0000000000000f50                set_single_persistent_default_layer
 .text.update_tri_layer_state
                0x0000000000000f86       0xa8 .build/obj_sofle_rev1_default-colemak-dhm/quantum/quantum.o
                0x0000000000000f86                update_tri_layer_state
 .text.update_tri_layer
                0x000000000000102e       0x26 .build/obj_sofle_rev1_default-colemak-dhm/quantum/quantum.o
                0x000000000000102e                update_tri_layer
 .text.matrix_init_quantum
                0x0000000000001054        0x6 .build/obj_sofle_rev1_default-colemak-dhm/quantum/quantum.o
                0x0000000000001054                matrix_init_quantum
 .text.matrix_scan_quantum
                0x000000000000105a        0x6 .build/obj_sofle_rev1_default-colemak-dhm/quantum/quantum.o
                0x000000000000105a                matrix_scan_quantum
 .text.shutdown_user
                0x0000000000001060        0x2 .build/obj_sofle_rev1_default-colemak-dhm/quantum/quantum.o
                0x0000000000001060                shutdown_user
 .text.shutdown_quantum
                0x0000000000001062       0x1c .build/obj_sofle_rev1_default-colemak-dhm/quantum/quantum.o
                0x0000000000001062                shutdown_quantum
 .text.reset_keyboard
                0x000000000000107e        0xa .build/obj_sofle_rev1_default-colemak-dhm/quantum/quantum.o
                0x000000000000107e                reset_keyboard
 .text.soft_reset_keyboard
                0x0000000000001088        0xa .build/obj_sofle_rev1_default-colemak-dhm/quantum/quantum.o
                0x0000000000001088                soft_reset_keyboard
 .text.process_record_quantum
                0x0000000000001092       0xa8 .build/obj_sofle_rev1_default-colemak-dhm/quantum/quantum.o
                0x0000000000001092                process_record_quantum
 .text.suspend_power_down_quantum
                0x000000000000113a        0xe .build/obj_sofle_rev1_default-colemak-dhm/quantum/quantum.o
                0x000000000000113a                suspend_power_down_quantum
 .text.suspend_wakeup_init_quantum
                0x0000000000001148        0xa .build/obj_sofle_rev1_default-colemak-dhm/quantum/quantum.o
                0x0000000000001148                suspend_wakeup_init_quantum
 .text.biton32  0x0000000000001152       0x9a .build/obj_sofle_rev1_default-colemak-dhm/quantum/bitwise.o
                0x0000000000001152                biton32
 .text.led_set_user
                0x00000000000011ec        0x2 .build/obj_sofle_rev1_default-colemak-dhm/quantum/led.o
                0x00000000000011ec                led_set_user
 .text.led_set_kb
                0x00000000000011ee        0x6 .build/obj_sofle_rev1_default-colemak-dhm/quantum/led.o
                0x00000000000011ee                led_set_kb
 .text.led_update_user
                0x00000000000011f4        0x4 .build/obj_sofle_rev1_default-colemak-dhm/quantum/led.o
                0x00000000000011f4                led_update_user
 .text.led_update_kb
                0x00000000000011f8        0x6 .build/obj_sofle_rev1_default-colemak-dhm/quantum/led.o
                0x00000000000011f8                led_update_kb
 .text.led_init_ports
                0x00000000000011fe        0x2 .build/obj_sofle_rev1_default-colemak-dhm/quantum/led.o
                0x00000000000011fe                led_init_ports
 .text.led_set  0x0000000000001200       0x12 .build/obj_sofle_rev1_default-colemak-dhm/quantum/led.o
                0x0000000000001200                led_set
 .text.led_suspend
                0x0000000000001212        0x8 .build/obj_sofle_rev1_default-colemak-dhm/quantum/led.o
                0x0000000000001212                led_suspend
 .text.led_wakeup
                0x000000000000121a        0xa .build/obj_sofle_rev1_default-colemak-dhm/quantum/led.o
                0x000000000000121a                led_wakeup
 .text.led_task
                0x0000000000001224       0x16 .build/obj_sofle_rev1_default-colemak-dhm/quantum/led.o
                0x0000000000001224                led_task
 .text.should_swap_hands
                0x000000000000123a       0x38 .build/obj_sofle_rev1_default-colemak-dhm/quantum/action.o
                0x000000000000123a                should_swap_hands
 .text.set_swap_hands_state
                0x0000000000001272       0x34 .build/obj_sofle_rev1_default-colemak-dhm/quantum/action.o
                0x0000000000001272                set_swap_hands_state
 .text.process_hand_swap
                0x00000000000012a6       0x72 .build/obj_sofle_rev1_default-colemak-dhm/quantum/action.o
                0x00000000000012a6                process_hand_swap
 .text.action_exec
                0x0000000000001318       0x86 .build/obj_sofle_rev1_default-colemak-dhm/quantum/action.o
                0x0000000000001318                action_exec
 .text.process_record_tap_hint
                0x000000000000139e       0x28 .build/obj_sofle_rev1_default-colemak-dhm/quantum/action.o
                0x000000000000139e                process_record_tap_hint
 .text.register_code
                0x00000000000013c6       0x88 .build/obj_sofle_rev1_default-colemak-dhm/quantum/action.o
                0x00000000000013c6                register_code
 .text.unregister_code
                0x000000000000144e       0x54 .build/obj_sofle_rev1_default-colemak-dhm/quantum/action.o
                0x000000000000144e                unregister_code
 .text.tap_code_delay
                0x00000000000014a2       0x30 .build/obj_sofle_rev1_default-colemak-dhm/quantum/action.o
                0x00000000000014a2                tap_code_delay
 .text.tap_code
                0x00000000000014d2       0x12 .build/obj_sofle_rev1_default-colemak-dhm/quantum/action.o
                0x00000000000014d2                tap_code
 .text.register_mods
                0x00000000000014e4        0xe .build/obj_sofle_rev1_default-colemak-dhm/quantum/action.o
                0x00000000000014e4                register_mods
 .text.unregister_mods
                0x00000000000014f2        0xe .build/obj_sofle_rev1_default-colemak-dhm/quantum/action.o
                0x00000000000014f2                unregister_mods
 .text.process_action
                0x0000000000001500      0x532 .build/obj_sofle_rev1_default-colemak-dhm/quantum/action.o
                0x0000000000001500                process_action
 .text.process_record_handler
                0x0000000000001a32       0x30 .build/obj_sofle_rev1_default-colemak-dhm/quantum/action.o
                0x0000000000001a32                process_record_handler
 .text.process_record
                0x0000000000001a62       0x54 .build/obj_sofle_rev1_default-colemak-dhm/quantum/action.o
                0x0000000000001a62                process_record
 .text.clear_keyboard_but_mods_and_keys
                0x0000000000001ab6       0x1a .build/obj_sofle_rev1_default-colemak-dhm/quantum/action.o
                0x0000000000001ab6                clear_keyboard_but_mods_and_keys
 .text.clear_keyboard_but_mods
                0x0000000000001ad0        0xa .build/obj_sofle_rev1_default-colemak-dhm/quantum/action.o
                0x0000000000001ad0                clear_keyboard_but_mods
 .text.clear_keyboard
                0x0000000000001ada        0xa .build/obj_sofle_rev1_default-colemak-dhm/quantum/action.o
                0x0000000000001ada                clear_keyboard
 .text.is_tap_action
                0x0000000000001ae4       0x36 .build/obj_sofle_rev1_default-colemak-dhm/quantum/action.o
                0x0000000000001ae4                is_tap_action
 .text.is_tap_record
                0x0000000000001b1a       0x10 .build/obj_sofle_rev1_default-colemak-dhm/quantum/action.o
                0x0000000000001b1a                is_tap_record
 .text.debug_event
                0x0000000000001b2a       0x14 .build/obj_sofle_rev1_default-colemak-dhm/quantum/action.o
                0x0000000000001b2a                debug_event
 .text.debug_record
                0x0000000000001b3e       0x14 .build/obj_sofle_rev1_default-colemak-dhm/quantum/action.o
                0x0000000000001b3e                debug_record
 .text.default_layer_state_set_user
                0x0000000000001b52        0x2 .build/obj_sofle_rev1_default-colemak-dhm/quantum/action_layer.o
                0x0000000000001b52                default_layer_state_set_user
 .text.default_layer_state_set_kb
                0x0000000000001b54        0x6 .build/obj_sofle_rev1_default-colemak-dhm/quantum/action_layer.o
                0x0000000000001b54                default_layer_state_set_kb
 .text.default_layer_state_set
                0x0000000000001b5a       0x1a .build/obj_sofle_rev1_default-colemak-dhm/quantum/action_layer.o
 .text.default_layer_debug
                0x0000000000001b74        0x2 .build/obj_sofle_rev1_default-colemak-dhm/quantum/action_layer.o
                0x0000000000001b74                default_layer_debug
 .text.default_layer_set
                0x0000000000001b76        0x6 .build/obj_sofle_rev1_default-colemak-dhm/quantum/action_layer.o
                0x0000000000001b76                default_layer_set
 .text.default_layer_or
                0x0000000000001b7c       0x26 .build/obj_sofle_rev1_default-colemak-dhm/quantum/action_layer.o
                0x0000000000001b7c                default_layer_or
 .text.default_layer_and
                0x0000000000001ba2       0x26 .build/obj_sofle_rev1_default-colemak-dhm/quantum/action_layer.o
                0x0000000000001ba2                default_layer_and
 .text.default_layer_xor
                0x0000000000001bc8       0x26 .build/obj_sofle_rev1_default-colemak-dhm/quantum/action_layer.o
                0x0000000000001bc8                default_layer_xor
 .text.layer_state_set_user
                0x0000000000001bee        0x6 .build/obj_sofle_rev1_default-colemak-dhm/quantum/action_layer.o
                0x0000000000001bee                layer_state_set_user
 .text.layer_state_set_kb
                0x0000000000001bf4        0x6 .build/obj_sofle_rev1_default-colemak-dhm/quantum/action_layer.o
                0x0000000000001bf4                layer_state_set_kb
 .text.layer_state_set
                0x0000000000001bfa       0x1a .build/obj_sofle_rev1_default-colemak-dhm/quantum/action_layer.o
                0x0000000000001bfa                layer_state_set
 .text.layer_clear
                0x0000000000001c14        0xc .build/obj_sofle_rev1_default-colemak-dhm/quantum/action_layer.o
                0x0000000000001c14                layer_clear
 .text.layer_move
                0x0000000000001c20       0x2c .build/obj_sofle_rev1_default-colemak-dhm/quantum/action_layer.o
                0x0000000000001c20                layer_move
 .text.layer_on
                0x0000000000001c4c       0x44 .build/obj_sofle_rev1_default-colemak-dhm/quantum/action_layer.o
                0x0000000000001c4c                layer_on
 .text.layer_off
                0x0000000000001c90       0x48 .build/obj_sofle_rev1_default-colemak-dhm/quantum/action_layer.o
                0x0000000000001c90                layer_off
 .text.layer_invert
                0x0000000000001cd8       0x44 .build/obj_sofle_rev1_default-colemak-dhm/quantum/action_layer.o
                0x0000000000001cd8                layer_invert
 .text.layer_or
                0x0000000000001d1c       0x26 .build/obj_sofle_rev1_default-colemak-dhm/quantum/action_layer.o
                0x0000000000001d1c                layer_or
 .text.layer_and
                0x0000000000001d42       0x26 .build/obj_sofle_rev1_default-colemak-dhm/quantum/action_layer.o
                0x0000000000001d42                layer_and
 .text.layer_xor
                0x0000000000001d68       0x26 .build/obj_sofle_rev1_default-colemak-dhm/quantum/action_layer.o
                0x0000000000001d68                layer_xor
 .text.layer_debug
                0x0000000000001d8e        0x2 .build/obj_sofle_rev1_default-colemak-dhm/quantum/action_layer.o
                0x0000000000001d8e                layer_debug
 .text.update_source_layers_cache_impl
                0x0000000000001d90       0x5c .build/obj_sofle_rev1_default-colemak-dhm/quantum/action_layer.o
                0x0000000000001d90                update_source_layers_cache_impl
 .text.read_source_layers_cache_impl
                0x0000000000001dec       0x50 .build/obj_sofle_rev1_default-colemak-dhm/quantum/action_layer.o
                0x0000000000001dec                read_source_layers_cache_impl
 .text.update_source_layers_cache
                0x0000000000001e3c       0x24 .build/obj_sofle_rev1_default-colemak-dhm/quantum/action_layer.o
                0x0000000000001e3c                update_source_layers_cache
 .text.read_source_layers_cache
                0x0000000000001e60       0x24 .build/obj_sofle_rev1_default-colemak-dhm/quantum/action_layer.o
                0x0000000000001e60                read_source_layers_cache
 .text.layer_switch_get_layer
                0x0000000000001e84       0x74 .build/obj_sofle_rev1_default-colemak-dhm/quantum/action_layer.o
                0x0000000000001e84                layer_switch_get_layer
 .text.layer_switch_get_action
                0x0000000000001ef8       0x16 .build/obj_sofle_rev1_default-colemak-dhm/quantum/action_layer.o
                0x0000000000001ef8                layer_switch_get_action
 .text.store_or_get_action
                0x0000000000001f0e       0x46 .build/obj_sofle_rev1_default-colemak-dhm/quantum/action_layer.o
                0x0000000000001f0e                store_or_get_action
 .text.debug_waiting_buffer
                0x0000000000001f54       0x42 .build/obj_sofle_rev1_default-colemak-dhm/quantum/action_tapping.o
 .text.debug_tapping_key
                0x0000000000001f96       0x1e .build/obj_sofle_rev1_default-colemak-dhm/quantum/action_tapping.o
 .text.waiting_buffer_scan_tap
                0x0000000000001fb4       0xaa .build/obj_sofle_rev1_default-colemak-dhm/quantum/action_tapping.o
 .text.process_tapping
                0x000000000000205e      0x30e .build/obj_sofle_rev1_default-colemak-dhm/quantum/action_tapping.o
 .text.action_tapping_process
                0x000000000000236c      0x11e .build/obj_sofle_rev1_default-colemak-dhm/quantum/action_tapping.o
                0x000000000000236c                action_tapping_process
 .text.add_key  0x000000000000248a       0x10 .build/obj_sofle_rev1_default-colemak-dhm/quantum/action_util.o
                0x000000000000248a                add_key
 .text.del_key  0x000000000000249a       0x10 .build/obj_sofle_rev1_default-colemak-dhm/quantum/action_util.o
                0x000000000000249a                del_key
 .text.clear_keys
                0x00000000000024aa        0xe .build/obj_sofle_rev1_default-colemak-dhm/quantum/action_util.o
                0x00000000000024aa                clear_keys
 .text.get_oneshot_layer
                0x00000000000024b8        0xc .build/obj_sofle_rev1_default-colemak-dhm/quantum/action_util.o
                0x00000000000024b8                get_oneshot_layer
 .text.get_oneshot_layer_state
                0x00000000000024c4        0x8 .build/obj_sofle_rev1_default-colemak-dhm/quantum/action_util.o
                0x00000000000024c4                get_oneshot_layer_state
 .text.set_oneshot_swaphands
                0x00000000000024cc        0xe .build/obj_sofle_rev1_default-colemak-dhm/quantum/action_util.o
                0x00000000000024cc                set_oneshot_swaphands
 .text.clear_oneshot_swaphands
                0x00000000000024da        0xa .build/obj_sofle_rev1_default-colemak-dhm/quantum/action_util.o
                0x00000000000024da                clear_oneshot_swaphands
 .text.release_oneshot_swaphands
                0x00000000000024e4       0x1a .build/obj_sofle_rev1_default-colemak-dhm/quantum/action_util.o
                0x00000000000024e4                release_oneshot_swaphands
 .text.use_oneshot_swaphands
                0x00000000000024fe       0x1a .build/obj_sofle_rev1_default-colemak-dhm/quantum/action_util.o
                0x00000000000024fe                use_oneshot_swaphands
 .text.is_oneshot_layer_active
                0x0000000000002518        0xe .build/obj_sofle_rev1_default-colemak-dhm/quantum/action_util.o
                0x0000000000002518                is_oneshot_layer_active
 .text.get_mods
                0x0000000000002526        0x6 .build/obj_sofle_rev1_default-colemak-dhm/quantum/action_util.o
                0x0000000000002526                get_mods
 .text.add_mods
                0x000000000000252c        0xc .build/obj_sofle_rev1_default-colemak-dhm/quantum/action_util.o
                0x000000000000252c                add_mods
 .text.del_mods
                0x0000000000002538        0xe .build/obj_sofle_rev1_default-colemak-dhm/quantum/action_util.o
                0x0000000000002538                del_mods
 .text.clear_mods
                0x0000000000002546        0x6 .build/obj_sofle_rev1_default-colemak-dhm/quantum/action_util.o
                0x0000000000002546                clear_mods
 .text.add_weak_mods
                0x000000000000254c        0xc .build/obj_sofle_rev1_default-colemak-dhm/quantum/action_util.o
                0x000000000000254c                add_weak_mods
 .text.del_weak_mods
                0x0000000000002558        0xe .build/obj_sofle_rev1_default-colemak-dhm/quantum/action_util.o
                0x0000000000002558                del_weak_mods
 .text.clear_weak_mods
                0x0000000000002566        0x6 .build/obj_sofle_rev1_default-colemak-dhm/quantum/action_util.o
                0x0000000000002566                clear_weak_mods
 .text.get_oneshot_mods
                0x000000000000256c        0x6 .build/obj_sofle_rev1_default-colemak-dhm/quantum/action_util.o
                0x000000000000256c                get_oneshot_mods
 .text.oneshot_mods_changed_user
                0x0000000000002572        0x2 .build/obj_sofle_rev1_default-colemak-dhm/quantum/action_util.o
                0x0000000000002572                oneshot_mods_changed_user
 .text.oneshot_mods_changed_kb
                0x0000000000002574        0x6 .build/obj_sofle_rev1_default-colemak-dhm/quantum/action_util.o
                0x0000000000002574                oneshot_mods_changed_kb
 .text.set_oneshot_mods
                0x000000000000257a       0x1a .build/obj_sofle_rev1_default-colemak-dhm/quantum/action_util.o
                0x000000000000257a                set_oneshot_mods
 .text.clear_oneshot_mods
                0x0000000000002594       0x14 .build/obj_sofle_rev1_default-colemak-dhm/quantum/action_util.o
                0x0000000000002594                clear_oneshot_mods
 .text.send_keyboard_report
                0x00000000000025a8       0x82 .build/obj_sofle_rev1_default-colemak-dhm/quantum/action_util.o
                0x00000000000025a8                send_keyboard_report
 .text.oneshot_layer_changed_user
                0x000000000000262a        0x2 .build/obj_sofle_rev1_default-colemak-dhm/quantum/action_util.o
                0x000000000000262a                oneshot_layer_changed_user
 .text.oneshot_layer_changed_kb
                0x000000000000262c        0x6 .build/obj_sofle_rev1_default-colemak-dhm/quantum/action_util.o
                0x000000000000262c                oneshot_layer_changed_kb
 .text.set_oneshot_layer
                0x0000000000002632       0x30 .build/obj_sofle_rev1_default-colemak-dhm/quantum/action_util.o
                0x0000000000002632                set_oneshot_layer
 .text.reset_oneshot_layer
                0x0000000000002662        0xc .build/obj_sofle_rev1_default-colemak-dhm/quantum/action_util.o
                0x0000000000002662                reset_oneshot_layer
 .text.clear_oneshot_layer_state
                0x000000000000266e       0x38 .build/obj_sofle_rev1_default-colemak-dhm/quantum/action_util.o
                0x000000000000266e                clear_oneshot_layer_state
 .text.oneshot_set
                0x00000000000026a6       0x2a .build/obj_sofle_rev1_default-colemak-dhm/quantum/action_util.o
                0x00000000000026a6                oneshot_set
 .text.oneshot_toggle
                0x00000000000026d0       0x14 .build/obj_sofle_rev1_default-colemak-dhm/quantum/action_util.o
                0x00000000000026d0                oneshot_toggle
 .text.oneshot_enable
                0x00000000000026e4        0x8 .build/obj_sofle_rev1_default-colemak-dhm/quantum/action_util.o
                0x00000000000026e4                oneshot_enable
 .text.oneshot_disable
                0x00000000000026ec        0x8 .build/obj_sofle_rev1_default-colemak-dhm/quantum/action_util.o
                0x00000000000026ec                oneshot_disable
 .text.eeconfig_is_enabled
                0x00000000000026f4       0x16 .build/obj_sofle_rev1_default-colemak-dhm/quantum/eeconfig.o
                0x00000000000026f4                eeconfig_is_enabled
 .text.eeconfig_read_debug
                0x000000000000270a        0xa .build/obj_sofle_rev1_default-colemak-dhm/quantum/eeconfig.o
                0x000000000000270a                eeconfig_read_debug
 .text.eeconfig_read_default_layer
                0x0000000000002714        0xa .build/obj_sofle_rev1_default-colemak-dhm/quantum/eeconfig.o
                0x0000000000002714                eeconfig_read_default_layer
 .text.eeconfig_update_default_layer
                0x000000000000271e        0xc .build/obj_sofle_rev1_default-colemak-dhm/quantum/eeconfig.o
                0x000000000000271e                eeconfig_update_default_layer
 .text.eeconfig_read_keymap
                0x000000000000272a       0x1c .build/obj_sofle_rev1_default-colemak-dhm/quantum/eeconfig.o
                0x000000000000272a                eeconfig_read_keymap
 .text.eeconfig_update_keymap
                0x0000000000002746       0x1c .build/obj_sofle_rev1_default-colemak-dhm/quantum/eeconfig.o
                0x0000000000002746                eeconfig_update_keymap
 .text.eeconfig_update_kb
                0x0000000000002762        0xe .build/obj_sofle_rev1_default-colemak-dhm/quantum/eeconfig.o
                0x0000000000002762                eeconfig_update_kb
 .text.eeconfig_update_user
                0x0000000000002770        0xe .build/obj_sofle_rev1_default-colemak-dhm/quantum/eeconfig.o
                0x0000000000002770                eeconfig_update_user
 .text.eeconfig_init_user
                0x000000000000277e        0xc .build/obj_sofle_rev1_default-colemak-dhm/quantum/eeconfig.o
                0x000000000000277e                eeconfig_init_user
 .text.eeconfig_init_kb
                0x000000000000278a       0x10 .build/obj_sofle_rev1_default-colemak-dhm/quantum/eeconfig.o
                0x000000000000278a                eeconfig_init_kb
 .text.eeconfig_init_quantum
                0x000000000000279a       0xc0 .build/obj_sofle_rev1_default-colemak-dhm/quantum/eeconfig.o
                0x000000000000279a                eeconfig_init_quantum
 .text.eeconfig_init
                0x000000000000285a        0x6 .build/obj_sofle_rev1_default-colemak-dhm/quantum/eeconfig.o
                0x000000000000285a                eeconfig_init
 .text.eeconfig_update_handedness
                0x0000000000002860        0xc .build/obj_sofle_rev1_default-colemak-dhm/quantum/eeconfig.o
                0x0000000000002860                eeconfig_update_handedness
 .text.last_matrix_activity_trigger
                0x000000000000286c       0x26 .build/obj_sofle_rev1_default-colemak-dhm/quantum/keyboard.o
                0x000000000000286c                last_matrix_activity_trigger
 .text.last_encoder_activity_trigger
                0x0000000000002892       0x26 .build/obj_sofle_rev1_default-colemak-dhm/quantum/keyboard.o
                0x0000000000002892                last_encoder_activity_trigger
 .text.matrix_setup
                0x00000000000028b8        0x2 .build/obj_sofle_rev1_default-colemak-dhm/quantum/keyboard.o
                0x00000000000028b8                matrix_setup
 .text.keyboard_pre_init_user
                0x00000000000028ba        0x2 .build/obj_sofle_rev1_default-colemak-dhm/quantum/keyboard.o
                0x00000000000028ba                keyboard_pre_init_user
 .text.keyboard_pre_init_kb
                0x00000000000028bc        0x6 .build/obj_sofle_rev1_default-colemak-dhm/quantum/keyboard.o
                0x00000000000028bc                keyboard_pre_init_kb
 .text.keyboard_post_init_user
                0x00000000000028c2        0x2 .build/obj_sofle_rev1_default-colemak-dhm/quantum/keyboard.o
                0x00000000000028c2                keyboard_post_init_user
 .text.keyboard_post_init_kb
                0x00000000000028c4        0x6 .build/obj_sofle_rev1_default-colemak-dhm/quantum/keyboard.o
                0x00000000000028c4                keyboard_post_init_kb
 .text.keyboard_setup
                0x00000000000028ca       0x12 .build/obj_sofle_rev1_default-colemak-dhm/quantum/keyboard.o
                0x00000000000028ca                keyboard_setup
 .text.should_process_keypress
                0x00000000000028dc        0x6 .build/obj_sofle_rev1_default-colemak-dhm/quantum/keyboard.o
                0x00000000000028dc                should_process_keypress
 .text.housekeeping_task_kb
                0x00000000000028e2        0x2 .build/obj_sofle_rev1_default-colemak-dhm/quantum/keyboard.o
                0x00000000000028e2                housekeeping_task_kb
 .text.housekeeping_task_user
                0x00000000000028e4        0x2 .build/obj_sofle_rev1_default-colemak-dhm/quantum/keyboard.o
                0x00000000000028e4                housekeeping_task_user
 .text.housekeeping_task
                0x00000000000028e6        0xa .build/obj_sofle_rev1_default-colemak-dhm/quantum/keyboard.o
                0x00000000000028e6                housekeeping_task
 .text.quantum_init
                0x00000000000028f0        0xa .build/obj_sofle_rev1_default-colemak-dhm/quantum/keyboard.o
                0x00000000000028f0                quantum_init
 .text.keyboard_init
                0x00000000000028fa       0x2c .build/obj_sofle_rev1_default-colemak-dhm/quantum/keyboard.o
                0x00000000000028fa                keyboard_init
 .text.matrix_scan_task
                0x0000000000002926       0xd4 .build/obj_sofle_rev1_default-colemak-dhm/quantum/keyboard.o
                0x0000000000002926                matrix_scan_task
 .text.keyboard_task
                0x00000000000029fa       0x32 .build/obj_sofle_rev1_default-colemak-dhm/quantum/keyboard.o
                0x00000000000029fa                keyboard_task
 .text.action_for_keycode
                0x0000000000002a2c      0x1e4 .build/obj_sofle_rev1_default-colemak-dhm/quantum/keymap_common.o
                0x0000000000002a2c                action_for_keycode
 .text.keymap_key_to_keycode
                0x0000000000002c10       0x36 .build/obj_sofle_rev1_default-colemak-dhm/quantum/keymap_common.o
                0x0000000000002c10                keymap_key_to_keycode
 .text.action_for_key
                0x0000000000002c46        0xa .build/obj_sofle_rev1_default-colemak-dhm/quantum/keymap_common.o
                0x0000000000002c46                action_for_key
 .text.keycode_config
                0x0000000000002c50      0x12e .build/obj_sofle_rev1_default-colemak-dhm/quantum/keycode_config.o
                0x0000000000002c50                keycode_config
 .text.mod_config
                0x0000000000002d7e       0x86 .build/obj_sofle_rev1_default-colemak-dhm/quantum/keycode_config.o
                0x0000000000002d7e                mod_config
 .text.sync_timer_init
                0x0000000000002e04       0x12 .build/obj_sofle_rev1_default-colemak-dhm/quantum/sync_timer.o
                0x0000000000002e04                sync_timer_init
 .text.sync_timer_update
                0x0000000000002e16       0x3a .build/obj_sofle_rev1_default-colemak-dhm/quantum/sync_timer.o
                0x0000000000002e16                sync_timer_update
 .text.sync_timer_read32
                0x0000000000002e50       0x34 .build/obj_sofle_rev1_default-colemak-dhm/quantum/sync_timer.o
                0x0000000000002e50                sync_timer_read32
 .text.sendchar
                0x0000000000002e84        0x4 .build/obj_sofle_rev1_default-colemak-dhm/quantum/logging/sendchar.o
                0x0000000000002e84                sendchar
 .text.bootmagic
                0x0000000000002e88        0x2 .build/obj_sofle_rev1_default-colemak-dhm/quantum/bootmagic/magic.o
                0x0000000000002e88                bootmagic
 .text.magic    0x0000000000002e8a       0x4a .build/obj_sofle_rev1_default-colemak-dhm/quantum/bootmagic/magic.o
                0x0000000000002e8a                magic
 .text.matrix_init_user
                0x0000000000002ed4        0x2 .build/obj_sofle_rev1_default-colemak-dhm/quantum/matrix_common.o
                0x0000000000002ed4                matrix_init_user
 .text.matrix_init_kb
                0x0000000000002ed6        0x6 .build/obj_sofle_rev1_default-colemak-dhm/quantum/matrix_common.o
                0x0000000000002ed6                matrix_init_kb
 .text.matrix_scan_user
                0x0000000000002edc        0x2 .build/obj_sofle_rev1_default-colemak-dhm/quantum/matrix_common.o
                0x0000000000002edc                matrix_scan_user
 .text.matrix_scan_kb
                0x0000000000002ede        0x6 .build/obj_sofle_rev1_default-colemak-dhm/quantum/matrix_common.o
                0x0000000000002ede                matrix_scan_kb
 .text.matrix_get_row
                0x0000000000002ee4        0xc .build/obj_sofle_rev1_default-colemak-dhm/quantum/matrix_common.o
                0x0000000000002ee4                matrix_get_row
 .text.matrix_print
                0x0000000000002ef0        0x2 .build/obj_sofle_rev1_default-colemak-dhm/quantum/matrix_common.o
                0x0000000000002ef0                matrix_print
 .text.matrix_io_delay
                0x0000000000002ef2        0x8 .build/obj_sofle_rev1_default-colemak-dhm/quantum/matrix_common.o
                0x0000000000002ef2                matrix_io_delay
 .text.matrix_output_select_delay
                0x0000000000002efa        0x4 .build/obj_sofle_rev1_default-colemak-dhm/quantum/matrix_common.o
                0x0000000000002efa                matrix_output_select_delay
 .text.matrix_output_unselect_delay
                0x0000000000002efe        0x6 .build/obj_sofle_rev1_default-colemak-dhm/quantum/matrix_common.o
                0x0000000000002efe                matrix_output_unselect_delay
 .text.matrix_slave_scan_user
                0x0000000000002f04        0x2 .build/obj_sofle_rev1_default-colemak-dhm/quantum/matrix_common.o
                0x0000000000002f04                matrix_slave_scan_user
 .text.matrix_slave_scan_kb
                0x0000000000002f06        0x6 .build/obj_sofle_rev1_default-colemak-dhm/quantum/matrix_common.o
                0x0000000000002f06                matrix_slave_scan_kb
 .text.matrix_post_scan
                0x0000000000002f0c       0xb6 .build/obj_sofle_rev1_default-colemak-dhm/quantum/matrix_common.o
                0x0000000000002f0c                matrix_post_scan
 .text.setPinInputHigh_atomic
                0x0000000000002fc2       0x2e .build/obj_sofle_rev1_default-colemak-dhm/quantum/matrix.o
 .text.matrix_init_pins
                0x0000000000002ff0       0x36 .build/obj_sofle_rev1_default-colemak-dhm/quantum/matrix.o
                0x0000000000002ff0                matrix_init_pins
 .text.matrix_read_cols_on_row
                0x0000000000003026       0xbe .build/obj_sofle_rev1_default-colemak-dhm/quantum/matrix.o
                0x0000000000003026                matrix_read_cols_on_row
 .text.matrix_init
                0x00000000000030e4       0x46 .build/obj_sofle_rev1_default-colemak-dhm/quantum/matrix.o
                0x00000000000030e4                matrix_init
 .text.matrix_scan
                0x000000000000312a       0x86 .build/obj_sofle_rev1_default-colemak-dhm/quantum/matrix.o
                0x000000000000312a                matrix_scan
 .text.debounce_init
                0x00000000000031b0        0x2 .build/obj_sofle_rev1_default-colemak-dhm/quantum/debounce/sym_defer_g.o
                0x00000000000031b0                debounce_init
 .text.debounce
                0x00000000000031b2       0x6a .build/obj_sofle_rev1_default-colemak-dhm/quantum/debounce/sym_defer_g.o
                0x00000000000031b2                debounce
 .text.is_keyboard_master
                0x000000000000321c       0x30 .build/obj_sofle_rev1_default-colemak-dhm/quantum/split_common/split_util.o
                0x000000000000321c                is_keyboard_master
 .text.is_keyboard_left
                0x000000000000324c        0x6 .build/obj_sofle_rev1_default-colemak-dhm/quantum/split_common/split_util.o
                0x000000000000324c                is_keyboard_left
 .text.split_pre_init
                0x0000000000003252       0x14 .build/obj_sofle_rev1_default-colemak-dhm/quantum/split_common/split_util.o
                0x0000000000003252                split_pre_init
 .text.split_post_init
                0x0000000000003266        0xe .build/obj_sofle_rev1_default-colemak-dhm/quantum/split_common/split_util.o
                0x0000000000003266                split_post_init
 .text.is_transport_connected
                0x0000000000003274        0xe .build/obj_sofle_rev1_default-colemak-dhm/quantum/split_common/split_util.o
                0x0000000000003274                is_transport_connected
 .text.transport_master_if_connected
                0x0000000000003282       0x6c .build/obj_sofle_rev1_default-colemak-dhm/quantum/split_common/split_util.o
                0x0000000000003282                transport_master_if_connected
 .text.transport_master_init
                0x00000000000032ee        0x6 .build/obj_sofle_rev1_default-colemak-dhm/quantum/split_common/transport.o
                0x00000000000032ee                transport_master_init
 .text.transport_slave_init
                0x00000000000032f4        0x6 .build/obj_sofle_rev1_default-colemak-dhm/quantum/split_common/transport.o
                0x00000000000032f4                transport_slave_init
 .text.transport_execute_transaction
                0x00000000000032fa       0x90 .build/obj_sofle_rev1_default-colemak-dhm/quantum/split_common/transport.o
                0x00000000000032fa                transport_execute_transaction
 .text.transport_master
                0x000000000000338a        0x6 .build/obj_sofle_rev1_default-colemak-dhm/quantum/split_common/transport.o
                0x000000000000338a                transport_master
 .text.transport_slave
                0x0000000000003390        0x6 .build/obj_sofle_rev1_default-colemak-dhm/quantum/split_common/transport.o
                0x0000000000003390                transport_slave
 .text.sync_timer_handlers_master
                0x0000000000003396       0x7c .build/obj_sofle_rev1_default-colemak-dhm/quantum/split_common/transactions.o
 .text.read_if_checksum_mismatch
                0x0000000000003412       0xa2 .build/obj_sofle_rev1_default-colemak-dhm/quantum/split_common/transactions.o
 .text.encoder_handlers_master
                0x00000000000034b4       0x48 .build/obj_sofle_rev1_default-colemak-dhm/quantum/split_common/transactions.o
 .text.slave_matrix_handlers_master
                0x00000000000034fc       0x60 .build/obj_sofle_rev1_default-colemak-dhm/quantum/split_common/transactions.o
 .text.transaction_handler_master.isra.2
                0x000000000000355c       0x66 .build/obj_sofle_rev1_default-colemak-dhm/quantum/split_common/transactions.o
 .text.transactions_master
                0x00000000000035c2       0x42 .build/obj_sofle_rev1_default-colemak-dhm/quantum/split_common/transactions.o
                0x00000000000035c2                transactions_master
 .text.transactions_slave
                0x0000000000003604       0x8e .build/obj_sofle_rev1_default-colemak-dhm/quantum/split_common/transactions.o
                0x0000000000003604                transactions_slave
 .text.protocol_init
                0x0000000000003692        0xe .build/obj_sofle_rev1_default-colemak-dhm/quantum/main.o
                0x0000000000003692                protocol_init
 .text.protocol_task
                0x00000000000036a0        0xe .build/obj_sofle_rev1_default-colemak-dhm/quantum/main.o
                0x00000000000036a0                protocol_task
 .text.startup.main
                0x00000000000036ae       0x1a .build/obj_sofle_rev1_default-colemak-dhm/quantum/main.o
                0x00000000000036ae                main
 .text.crc_init
                0x00000000000036c8        0x2 .build/obj_sofle_rev1_default-colemak-dhm/crc.o
                0x00000000000036c8                crc_init
 .text.crc8     0x00000000000036ca       0x2e .build/obj_sofle_rev1_default-colemak-dhm/crc.o
                0x00000000000036ca                crc8
 .text.i2c_transmit_P.constprop.3
                0x00000000000036f8       0x54 .build/obj_sofle_rev1_default-colemak-dhm/ssd1306_sh1106.o
 .text.oled_init_kb
                0x000000000000374c        0x2 .build/obj_sofle_rev1_default-colemak-dhm/ssd1306_sh1106.o
                0x000000000000374c                oled_init_kb
 .text.oled_clear
                0x000000000000374e       0x2a .build/obj_sofle_rev1_default-colemak-dhm/ssd1306_sh1106.o
                0x000000000000374e                oled_clear
 .text.oled_init
                0x0000000000003778       0x90 .build/obj_sofle_rev1_default-colemak-dhm/ssd1306_sh1106.o
                0x0000000000003778                oled_init
 .text.oled_set_cursor
                0x0000000000003808       0x2e .build/obj_sofle_rev1_default-colemak-dhm/ssd1306_sh1106.o
                0x0000000000003808                oled_set_cursor
 .text.oled_advance_char
                0x0000000000003836       0x3e .build/obj_sofle_rev1_default-colemak-dhm/ssd1306_sh1106.o
                0x0000000000003836                oled_advance_char
 .text.oled_write_char
                0x0000000000003874       0xf2 .build/obj_sofle_rev1_default-colemak-dhm/ssd1306_sh1106.o
                0x0000000000003874                oled_write_char
 .text.oled_advance_page
                0x0000000000003966       0x66 .build/obj_sofle_rev1_default-colemak-dhm/ssd1306_sh1106.o
                0x0000000000003966                oled_advance_page
 .text.oled_write_P
                0x00000000000039cc       0x24 .build/obj_sofle_rev1_default-colemak-dhm/ssd1306_sh1106.o
                0x00000000000039cc                oled_write_P
 .text.oled_write_ln_P
                0x00000000000039f0        0xc .build/obj_sofle_rev1_default-colemak-dhm/ssd1306_sh1106.o
                0x00000000000039f0                oled_write_ln_P
 .text.oled_on  0x00000000000039fc       0x4a .build/obj_sofle_rev1_default-colemak-dhm/ssd1306_sh1106.o
                0x00000000000039fc                oled_on
 .text.oled_render
                0x0000000000003a46      0x1ee .build/obj_sofle_rev1_default-colemak-dhm/ssd1306_sh1106.o
                0x0000000000003a46                oled_render
 .text.oled_off
                0x0000000000003c34       0x36 .build/obj_sofle_rev1_default-colemak-dhm/ssd1306_sh1106.o
                0x0000000000003c34                oled_off
 .text.oled_task_kb
                0x0000000000003c6a        0x6 .build/obj_sofle_rev1_default-colemak-dhm/ssd1306_sh1106.o
                0x0000000000003c6a                oled_task_kb
 .text.oled_task
                0x0000000000003c70       0x70 .build/obj_sofle_rev1_default-colemak-dhm/ssd1306_sh1106.o
                0x0000000000003c70                oled_task
 .text.process_magic
                0x0000000000003ce0      0x27a .build/obj_sofle_rev1_default-colemak-dhm/quantum/process_keycode/process_magic.o
                0x0000000000003ce0                process_magic
 .text.encoder_wait_pullup_charge
                0x0000000000003f5a        0xe .build/obj_sofle_rev1_default-colemak-dhm/quantum/encoder.o
                0x0000000000003f5a                encoder_wait_pullup_charge
 .text.encoder_update_kb
                0x0000000000003f68        0x6 .build/obj_sofle_rev1_default-colemak-dhm/quantum/encoder.o
                0x0000000000003f68                encoder_update_kb
 .text.encoder_init
                0x0000000000003f6e      0x108 .build/obj_sofle_rev1_default-colemak-dhm/quantum/encoder.o
                0x0000000000003f6e                encoder_init
 .text.encoder_read
                0x0000000000004076      0x10a .build/obj_sofle_rev1_default-colemak-dhm/quantum/encoder.o
                0x0000000000004076                encoder_read
 .text.encoder_state_raw
                0x0000000000004180       0x16 .build/obj_sofle_rev1_default-colemak-dhm/quantum/encoder.o
                0x0000000000004180                encoder_state_raw
 .text.encoder_update_raw
                0x0000000000004196       0x88 .build/obj_sofle_rev1_default-colemak-dhm/quantum/encoder.o
                0x0000000000004196                encoder_update_raw
 .text.process_grave_esc
                0x000000000000421e       0x54 .build/obj_sofle_rev1_default-colemak-dhm/quantum/process_keycode/process_grave_esc.o
                0x000000000000421e                process_grave_esc
 .text.perform_space_cadet
                0x0000000000004272       0xc8 .build/obj_sofle_rev1_default-colemak-dhm/quantum/process_keycode/process_space_cadet.o
                0x0000000000004272                perform_space_cadet
 .text.process_space_cadet
                0x000000000000433a       0xa4 .build/obj_sofle_rev1_default-colemak-dhm/quantum/process_keycode/process_space_cadet.o
                0x000000000000433a                process_space_cadet
 .text.i2c_init
                0x00000000000043de        0xc .build/obj_sofle_rev1_default-colemak-dhm/i2c_master.a(i2c_master.o)
                0x00000000000043de                i2c_init
 .text.i2c_start
                0x00000000000043ea       0xdc .build/obj_sofle_rev1_default-colemak-dhm/i2c_master.a(i2c_master.o)
                0x00000000000043ea                i2c_start
 .text.i2c_write
                0x00000000000044c6       0x5e .build/obj_sofle_rev1_default-colemak-dhm/i2c_master.a(i2c_master.o)
                0x00000000000044c6                i2c_write
 .text.i2c_transmit
                0x0000000000004524       0x42 .build/obj_sofle_rev1_default-colemak-dhm/i2c_master.a(i2c_master.o)
                0x0000000000004524                i2c_transmit
 .text.i2c_writeReg
                0x0000000000004566       0x4e .build/obj_sofle_rev1_default-colemak-dhm/i2c_master.a(i2c_master.o)
                0x0000000000004566                i2c_writeReg
 .text.i2c_stop
                0x00000000000045b4        0x8 .build/obj_sofle_rev1_default-colemak-dhm/i2c_master.a(i2c_master.o)
                0x00000000000045b4                i2c_stop
 .text.sync_recv
                0x00000000000045bc       0x10 .build/obj_sofle_rev1_default-colemak-dhm/serial.a(serial.o)
 .text.sync_send
                0x00000000000045cc        0xc .build/obj_sofle_rev1_default-colemak-dhm/serial.a(serial.o)
 .text.serial_read_chunk.constprop.0
                0x00000000000045d8       0x58 .build/obj_sofle_rev1_default-colemak-dhm/serial.a(serial.o)
 .text.serial_recive_packet
                0x0000000000004630       0x40 .build/obj_sofle_rev1_default-colemak-dhm/serial.a(serial.o)
 .text.soft_serial_initiator_init
                0x0000000000004670        0x6 .build/obj_sofle_rev1_default-colemak-dhm/serial.a(serial.o)
                0x0000000000004670                soft_serial_initiator_init
 .text.soft_serial_target_init
                0x0000000000004676       0x12 .build/obj_sofle_rev1_default-colemak-dhm/serial.a(serial.o)
                0x0000000000004676                soft_serial_target_init
 .text.serial_write_chunk
                0x0000000000004688       0x42 .build/obj_sofle_rev1_default-colemak-dhm/serial.a(serial.o)
                0x0000000000004688                serial_write_chunk
 .text.serial_send_packet
                0x00000000000046ca       0x32 .build/obj_sofle_rev1_default-colemak-dhm/serial.a(serial.o)
 .text.__vector_3
                0x00000000000046fc      0x14c .build/obj_sofle_rev1_default-colemak-dhm/serial.a(serial.o)
                0x00000000000046fc                __vector_3
 .text.soft_serial_transaction
                0x0000000000004848       0xec .build/obj_sofle_rev1_default-colemak-dhm/serial.a(serial.o)
                0x0000000000004848                soft_serial_transaction
 .text.print_set_sendchar
                0x0000000000004934        0xa .build/obj_sofle_rev1_default-colemak-dhm/platforms/avr/printf.o
                0x0000000000004934                print_set_sendchar
 .text.host_set_driver
                0x000000000000493e        0xa .build/obj_sofle_rev1_default-colemak-dhm/protocol/host.o
                0x000000000000493e                host_set_driver
 .text.host_keyboard_leds
                0x0000000000004948       0x28 .build/obj_sofle_rev1_default-colemak-dhm/protocol/host.o
                0x0000000000004948                host_keyboard_leds
 .text.host_keyboard_led_state
                0x0000000000004970        0x6 .build/obj_sofle_rev1_default-colemak-dhm/protocol/host.o
                0x0000000000004970                host_keyboard_led_state
 .text.host_keyboard_send
                0x0000000000004976       0x16 .build/obj_sofle_rev1_default-colemak-dhm/protocol/host.o
                0x0000000000004976                host_keyboard_send
 .text.host_system_send
                0x000000000000498c       0x2c .build/obj_sofle_rev1_default-colemak-dhm/protocol/host.o
                0x000000000000498c                host_system_send
 .text.host_consumer_send
                0x00000000000049b8       0x2c .build/obj_sofle_rev1_default-colemak-dhm/protocol/host.o
                0x00000000000049b8                host_consumer_send
 .text.has_anykey
                0x00000000000049e4       0x24 .build/obj_sofle_rev1_default-colemak-dhm/protocol/report.o
                0x00000000000049e4                has_anykey
 .text.is_key_pressed
                0x0000000000004a08       0x1e .build/obj_sofle_rev1_default-colemak-dhm/protocol/report.o
                0x0000000000004a08                is_key_pressed
 .text.add_key_byte
                0x0000000000004a26       0x34 .build/obj_sofle_rev1_default-colemak-dhm/protocol/report.o
                0x0000000000004a26                add_key_byte
 .text.del_key_byte
                0x0000000000004a5a       0x1a .build/obj_sofle_rev1_default-colemak-dhm/protocol/report.o
                0x0000000000004a5a                del_key_byte
 .text.add_key_to_report
                0x0000000000004a74        0x6 .build/obj_sofle_rev1_default-colemak-dhm/protocol/report.o
                0x0000000000004a74                add_key_to_report
 .text.del_key_from_report
                0x0000000000004a7a        0x6 .build/obj_sofle_rev1_default-colemak-dhm/protocol/report.o
                0x0000000000004a7a                del_key_from_report
 .text.clear_keys_from_report
                0x0000000000004a80        0xe .build/obj_sofle_rev1_default-colemak-dhm/protocol/report.o
                0x0000000000004a80                clear_keys_from_report
 .text.notify_usb_device_state_change_user
                0x0000000000004a8e        0x2 .build/obj_sofle_rev1_default-colemak-dhm/protocol/usb_device_state.o
                0x0000000000004a8e                notify_usb_device_state_change_user
 .text.notify_usb_device_state_change_kb
                0x0000000000004a90        0x6 .build/obj_sofle_rev1_default-colemak-dhm/protocol/usb_device_state.o
                0x0000000000004a90                notify_usb_device_state_change_kb
 .text.usb_device_state_set_configuration
                0x0000000000004a96       0x14 .build/obj_sofle_rev1_default-colemak-dhm/protocol/usb_device_state.o
                0x0000000000004a96                usb_device_state_set_configuration
 .text.usb_device_state_set_suspend
                0x0000000000004aaa        0xc .build/obj_sofle_rev1_default-colemak-dhm/protocol/usb_device_state.o
                0x0000000000004aaa                usb_device_state_set_suspend
 .text.usb_device_state_set_resume
                0x0000000000004ab6        0x6 .build/obj_sofle_rev1_default-colemak-dhm/protocol/usb_device_state.o
                0x0000000000004ab6                usb_device_state_set_resume
 .text.usb_device_state_set_reset
                0x0000000000004abc        0xc .build/obj_sofle_rev1_default-colemak-dhm/protocol/usb_device_state.o
                0x0000000000004abc                usb_device_state_set_reset
 .text.usb_device_state_init
                0x0000000000004ac8        0x6 .build/obj_sofle_rev1_default-colemak-dhm/protocol/usb_device_state.o
                0x0000000000004ac8                usb_device_state_init
 .text.suspend_wakeup_init_user
                0x0000000000004ace        0x2 .build/obj_sofle_rev1_default-colemak-dhm/platforms/suspend.o
                0x0000000000004ace                suspend_wakeup_init_user
 .text.suspend_power_down_user
                0x0000000000004ad0        0x2 .build/obj_sofle_rev1_default-colemak-dhm/platforms/suspend.o
                0x0000000000004ad0                suspend_power_down_user
 .text.suspend_power_down_kb
                0x0000000000004ad2        0x6 .build/obj_sofle_rev1_default-colemak-dhm/platforms/suspend.o
                0x0000000000004ad2                suspend_power_down_kb
 .text.matrix_power_up
                0x0000000000004ad8        0x2 .build/obj_sofle_rev1_default-colemak-dhm/platforms/suspend.o
                0x0000000000004ad8                matrix_power_up
 .text.matrix_power_down
                0x0000000000004ada        0x2 .build/obj_sofle_rev1_default-colemak-dhm/platforms/suspend.o
                0x0000000000004ada                matrix_power_down
 .text.suspend_wakeup_init_kb
                0x0000000000004adc        0x6 .build/obj_sofle_rev1_default-colemak-dhm/platforms/suspend.o
                0x0000000000004adc                suspend_wakeup_init_kb
 .text.suspend_wakeup_condition
                0x0000000000004ae2       0x28 .build/obj_sofle_rev1_default-colemak-dhm/platforms/suspend.o
                0x0000000000004ae2                suspend_wakeup_condition
 .text.platform_setup
                0x0000000000004b0a        0xe .build/obj_sofle_rev1_default-colemak-dhm/platforms/avr/platform.o
                0x0000000000004b0a                platform_setup
 .text.__vector_12
                0x0000000000004b18       0x4e .build/obj_sofle_rev1_default-colemak-dhm/platforms/avr/suspend.o
                0x0000000000004b18                __vector_12
 .text.suspend_power_down
                0x0000000000004b66       0x56 .build/obj_sofle_rev1_default-colemak-dhm/platforms/avr/suspend.o
                0x0000000000004b66                suspend_power_down
 .text.suspend_wakeup_init
                0x0000000000004bbc        0xa .build/obj_sofle_rev1_default-colemak-dhm/platforms/avr/suspend.o
                0x0000000000004bbc                suspend_wakeup_init
 .text.timer_init
                0x0000000000004bc6       0x12 .build/obj_sofle_rev1_default-colemak-dhm/platforms/avr/timer.o
                0x0000000000004bc6                timer_init
 .text.timer_read
                0x0000000000004bd8       0x18 .build/obj_sofle_rev1_default-colemak-dhm/platforms/avr/timer.o
                0x0000000000004bd8                timer_read
 .text.timer_read32
                0x0000000000004bf0       0x18 .build/obj_sofle_rev1_default-colemak-dhm/platforms/avr/timer.o
                0x0000000000004bf0                timer_read32
 .text.timer_elapsed
                0x0000000000004c08       0x1e .build/obj_sofle_rev1_default-colemak-dhm/platforms/avr/timer.o
                0x0000000000004c08                timer_elapsed
 .text.timer_elapsed32
                0x0000000000004c26       0x38 .build/obj_sofle_rev1_default-colemak-dhm/platforms/avr/timer.o
                0x0000000000004c26                timer_elapsed32
 .text.__vector_21
                0x0000000000004c5e       0x48 .build/obj_sofle_rev1_default-colemak-dhm/platforms/avr/timer.o
                0x0000000000004c5e                __vector_21
 .text.bootloader_jump
                0x0000000000004ca6       0x22 .build/obj_sofle_rev1_default-colemak-dhm/platforms/avr/bootloaders/caterina.o
                0x0000000000004ca6                bootloader_jump
 .text.mcu_reset
                0x0000000000004cc8       0x16 .build/obj_sofle_rev1_default-colemak-dhm/platforms/avr/bootloaders/caterina.o
                0x0000000000004cc8                mcu_reset
 .text.keyboard_leds
                0x0000000000004cde        0x6 .build/obj_sofle_rev1_default-colemak-dhm/lufa.o
 .text.send_programmable_button
                0x0000000000004ce4        0x2 .build/obj_sofle_rev1_default-colemak-dhm/lufa.o
 .text.send_keyboard
                0x0000000000004ce6       0x5a .build/obj_sofle_rev1_default-colemak-dhm/lufa.o
 .text.send_extra
                0x0000000000004d40       0x56 .build/obj_sofle_rev1_default-colemak-dhm/lufa.o
 .text.send_consumer
                0x0000000000004d96        0xa .build/obj_sofle_rev1_default-colemak-dhm/lufa.o
 .text.send_system
                0x0000000000004da0        0xa .build/obj_sofle_rev1_default-colemak-dhm/lufa.o
 .text.send_mouse
                0x0000000000004daa        0x2 .build/obj_sofle_rev1_default-colemak-dhm/lufa.o
 .text.EVENT_USB_Device_Connect
                0x0000000000004dac       0x1c .build/obj_sofle_rev1_default-colemak-dhm/lufa.o
                0x0000000000004dac                EVENT_USB_Device_Connect
 .text.EVENT_USB_Device_Disconnect
                0x0000000000004dc8        0x6 .build/obj_sofle_rev1_default-colemak-dhm/lufa.o
                0x0000000000004dc8                EVENT_USB_Device_Disconnect
 .text.EVENT_USB_Device_Reset
                0x0000000000004dce        0x6 .build/obj_sofle_rev1_default-colemak-dhm/lufa.o
                0x0000000000004dce                EVENT_USB_Device_Reset
 .text.EVENT_USB_Device_Suspend
                0x0000000000004dd4       0x12 .build/obj_sofle_rev1_default-colemak-dhm/lufa.o
                0x0000000000004dd4                EVENT_USB_Device_Suspend
 .text.EVENT_USB_Device_WakeUp
                0x0000000000004de6       0x16 .build/obj_sofle_rev1_default-colemak-dhm/lufa.o
                0x0000000000004de6                EVENT_USB_Device_WakeUp
 .text.EVENT_USB_Device_ConfigurationChanged
                0x0000000000004dfc       0x2a .build/obj_sofle_rev1_default-colemak-dhm/lufa.o
                0x0000000000004dfc                EVENT_USB_Device_ConfigurationChanged
 .text.EVENT_USB_Device_ControlRequest
                0x0000000000004e26      0x174 .build/obj_sofle_rev1_default-colemak-dhm/lufa.o
                0x0000000000004e26                EVENT_USB_Device_ControlRequest
 .text.protocol_setup
                0x0000000000004f9a       0x34 .build/obj_sofle_rev1_default-colemak-dhm/lufa.o
                0x0000000000004f9a                protocol_setup
 .text.protocol_pre_init
                0x0000000000004fce       0x1a .build/obj_sofle_rev1_default-colemak-dhm/lufa.o
                0x0000000000004fce                protocol_pre_init
 .text.protocol_post_init
                0x0000000000004fe8        0xa .build/obj_sofle_rev1_default-colemak-dhm/lufa.o
                0x0000000000004fe8                protocol_post_init
 .text.protocol_pre_task
                0x0000000000004ff2       0x34 .build/obj_sofle_rev1_default-colemak-dhm/lufa.o
                0x0000000000004ff2                protocol_pre_task
 .text.protocol_post_task
                0x0000000000005026        0x2 .build/obj_sofle_rev1_default-colemak-dhm/lufa.o
                0x0000000000005026                protocol_post_task
 .text.CALLBACK_USB_GetDescriptor
                0x0000000000005028        0x6 .build/obj_sofle_rev1_default-colemak-dhm/lufa.o
                0x0000000000005028                CALLBACK_USB_GetDescriptor
 .text.get_usb_descriptor
                0x000000000000502e       0xb0 .build/obj_sofle_rev1_default-colemak-dhm/usb_descriptor.o
                0x000000000000502e                get_usb_descriptor
 .text.USB_Device_SendRemoteWakeup
                0x00000000000050de       0x2c .build/obj_sofle_rev1_default-colemak-dhm/lib/lufa/LUFA/Drivers/USB/Core/AVR8/Device_AVR8.o
                0x00000000000050de                USB_Device_SendRemoteWakeup
 .text.Endpoint_Write_Stream_LE
                0x000000000000510a       0x9e .build/obj_sofle_rev1_default-colemak-dhm/lib/lufa/LUFA/Drivers/USB/Core/AVR8/EndpointStream_AVR8.o
                0x000000000000510a                Endpoint_Write_Stream_LE
 .text.Endpoint_Write_Control_Stream_LE
                0x00000000000051a8       0xbc .build/obj_sofle_rev1_default-colemak-dhm/lib/lufa/LUFA/Drivers/USB/Core/AVR8/EndpointStream_AVR8.o
                0x00000000000051a8                Endpoint_Write_Control_Stream_LE
 .text.Endpoint_Write_Control_PStream_LE
                0x0000000000005264       0xbe .build/obj_sofle_rev1_default-colemak-dhm/lib/lufa/LUFA/Drivers/USB/Core/AVR8/EndpointStream_AVR8.o
                0x0000000000005264                Endpoint_Write_Control_PStream_LE
 .text.Endpoint_ConfigureEndpoint_Prv
                0x0000000000005322       0x68 .build/obj_sofle_rev1_default-colemak-dhm/lib/lufa/LUFA/Drivers/USB/Core/AVR8/Endpoint_AVR8.o
                0x0000000000005322                Endpoint_ConfigureEndpoint_Prv
 .text.Endpoint_ClearStatusStage
                0x000000000000538a       0x3e .build/obj_sofle_rev1_default-colemak-dhm/lib/lufa/LUFA/Drivers/USB/Core/AVR8/Endpoint_AVR8.o
                0x000000000000538a                Endpoint_ClearStatusStage
 .text.Endpoint_WaitUntilReady
                0x00000000000053c8       0x62 .build/obj_sofle_rev1_default-colemak-dhm/lib/lufa/LUFA/Drivers/USB/Core/AVR8/Endpoint_AVR8.o
                0x00000000000053c8                Endpoint_WaitUntilReady
 .text.USB_Disable
                0x000000000000542a       0x34 .build/obj_sofle_rev1_default-colemak-dhm/lib/lufa/LUFA/Drivers/USB/Core/AVR8/USBController_AVR8.o
                0x000000000000542a                USB_Disable
 .text.USB_ResetInterface
                0x000000000000545e       0x86 .build/obj_sofle_rev1_default-colemak-dhm/lib/lufa/LUFA/Drivers/USB/Core/AVR8/USBController_AVR8.o
                0x000000000000545e                USB_ResetInterface
 .text.USB_Init
                0x00000000000054e4       0x24 .build/obj_sofle_rev1_default-colemak-dhm/lib/lufa/LUFA/Drivers/USB/Core/AVR8/USBController_AVR8.o
                0x00000000000054e4                USB_Init
 .text.USB_INT_DisableAllInterrupts
                0x0000000000005508       0x10 .build/obj_sofle_rev1_default-colemak-dhm/lib/lufa/LUFA/Drivers/USB/Core/AVR8/USBInterrupt_AVR8.o
                0x0000000000005508                USB_INT_DisableAllInterrupts
 .text.USB_INT_ClearAllInterrupts
                0x0000000000005518        0xa .build/obj_sofle_rev1_default-colemak-dhm/lib/lufa/LUFA/Drivers/USB/Core/AVR8/USBInterrupt_AVR8.o
                0x0000000000005518                USB_INT_ClearAllInterrupts
 .text.__vector_10
                0x0000000000005522      0x1a8 .build/obj_sofle_rev1_default-colemak-dhm/lib/lufa/LUFA/Drivers/USB/Core/AVR8/USBInterrupt_AVR8.o
                0x0000000000005522                __vector_10
 .text.__vector_11
                0x00000000000056ca       0x88 .build/obj_sofle_rev1_default-colemak-dhm/lib/lufa/LUFA/Drivers/USB/Core/AVR8/USBInterrupt_AVR8.o
                0x00000000000056ca                __vector_11
 .text.USB_Device_ProcessControlRequest
                0x0000000000005752      0x28e .build/obj_sofle_rev1_default-colemak-dhm/lib/lufa/LUFA/Drivers/USB/Core/DeviceStandardReq.o
                0x0000000000005752                USB_Device_ProcessControlRequest
 .text.USB_Event_Stub
                0x00000000000059e0        0x2 .build/obj_sofle_rev1_default-colemak-dhm/lib/lufa/LUFA/Drivers/USB/Core/Events.o
                0x00000000000059e0                EVENT_USB_Device_StartOfFrame
                0x00000000000059e0                USB_Event_Stub
 .text.USB_USBTask
                0x00000000000059e2       0x36 .build/obj_sofle_rev1_default-colemak-dhm/lib/lufa/LUFA/Drivers/USB/Core/USBTask.o
                0x00000000000059e2                USB_USBTask
 .text.usb_disconnect
                0x0000000000005a18        0xa .build/obj_sofle_rev1_default-colemak-dhm/protocol/lufa/usb_util.o
                0x0000000000005a18                usb_disconnect
 .text.usb_vbus_state
                0x0000000000005a22       0x1a .build/obj_sofle_rev1_default-colemak-dhm/protocol/lufa/usb_util.o
                0x0000000000005a22                usb_vbus_state
 .text.libgcc.div
                0x0000000000005a3c       0x18 c:/qmk_msys/mingw64/bin/../lib/gcc/avr/8.5.0/avr5\libgcc.a(_udivmodqi4.o)
                0x0000000000005a3c                __udivmodqi4
 .text.libgcc.div
                0x0000000000005a54       0x28 c:/qmk_msys/mingw64/bin/../lib/gcc/avr/8.5.0/avr5\libgcc.a(_udivmodhi4.o)
                0x0000000000005a54                __udivmodhi4
 .text.libgcc.div
                0x0000000000005a7c       0x28 c:/qmk_msys/mingw64/bin/../lib/gcc/avr/8.5.0/avr5\libgcc.a(_divmodhi4.o)
                0x0000000000005a7c                _div
                0x0000000000005a7c                __divmodhi4
 .text.libgcc   0x0000000000005aa4        0xc c:/qmk_msys/mingw64/bin/../lib/gcc/avr/8.5.0/avr5\libgcc.a(_tablejump2.o)
                0x0000000000005aa4                __tablejump2__
 .text.libgcc.prologue
                0x0000000000005ab0       0x38 c:/qmk_msys/mingw64/bin/../lib/gcc/avr/8.5.0/avr5\libgcc.a(_prologue.o)
                0x0000000000005ab0                __prologue_saves__
 .text.libgcc.prologue
                0x0000000000005ae8       0x36 c:/qmk_msys/mingw64/bin/../lib/gcc/avr/8.5.0/avr5\libgcc.a(_epilogue.o)
                0x0000000000005ae8                __epilogue_restores__
 .text.avr-libc
                0x0000000000005b1e       0x12 c:/qmk_msys/mingw64/bin/../lib/gcc/avr/8.5.0/../../../../avr/lib/avr5\libc.a(memcpy_P.o)
                0x0000000000005b1e                memcpy_P
 .text.avr-libc
                0x0000000000005b30       0x1a c:/qmk_msys/mingw64/bin/../lib/gcc/avr/8.5.0/../../../../avr/lib/avr5\libc.a(memcmp.o)
                0x0000000000005b30                memcmp
 .text.avr-libc
                0x0000000000005b4a       0x12 c:/qmk_msys/mingw64/bin/../lib/gcc/avr/8.5.0/../../../../avr/lib/avr5\libc.a(memcpy.o)
                0x0000000000005b4a                memcpy
 .text.avr-libc
                0x0000000000005b5c       0x10 c:/qmk_msys/mingw64/bin/../lib/gcc/avr/8.5.0/../../../../avr/lib/avr5\libatmega32u4.a(eerd_byte.o)
                0x0000000000005b5c                eeprom_read_byte
 .text.avr-libc
                0x0000000000005b6c        0xc c:/qmk_msys/mingw64/bin/../lib/gcc/avr/8.5.0/../../../../avr/lib/avr5\libatmega32u4.a(eerd_word.o)
                0x0000000000005b6c                eeprom_read_word
 .text.avr-libc
                0x0000000000005b78       0x24 c:/qmk_msys/mingw64/bin/../lib/gcc/avr/8.5.0/../../../../avr/lib/avr5\libatmega32u4.a(eeupd_byte.o)
                0x0000000000005b78                eeprom_update_byte
                0x0000000000005b7a                eeprom_update_r18
 .text.avr-libc
                0x0000000000005b9c       0x18 c:/qmk_msys/mingw64/bin/../lib/gcc/avr/8.5.0/../../../../avr/lib/avr5\libatmega32u4.a(eeupd_dword.o)
                0x0000000000005b9c                eeprom_update_float
                0x0000000000005b9c                eeprom_update_dword
 .text.avr-libc
                0x0000000000005bb4        0xc c:/qmk_msys/mingw64/bin/../lib/gcc/avr/8.5.0/../../../../avr/lib/avr5\libatmega32u4.a(eeupd_word.o)
                0x0000000000005bb4                eeprom_update_word
 .text.avr-libc
                0x0000000000005bc0       0x20 c:/qmk_msys/mingw64/bin/../lib/gcc/avr/8.5.0/../../../../avr/lib/avr5\libatmega32u4.a(eerd_block.o)
                0x0000000000005bc0                eeprom_read_block
                0x0000000000005bc4                eeprom_read_blraw
                0x0000000000005be0                . = ALIGN (0x2)
 *(.fini9)
 .fini9         0x0000000000005be0        0x0 c:/qmk_msys/mingw64/bin/../lib/gcc/avr/8.5.0/avr5\libgcc.a(_exit.o)
                0x0000000000005be0                _exit
                0x0000000000005be0                exit
 *(.fini9)
 *(.fini8)
 *(.fini8)
 *(.fini7)
 *(.fini7)
 *(.fini6)
 *(.fini6)
 *(.fini5)
 *(.fini5)
 *(.fini4)
 *(.fini4)
 *(.fini3)
 *(.fini3)
 *(.fini2)
 *(.fini2)
 *(.fini1)
 *(.fini1)
 *(.fini0)
 .fini0         0x0000000000005be0        0x4 c:/qmk_msys/mingw64/bin/../lib/gcc/avr/8.5.0/avr5\libgcc.a(_exit.o)
 *(.fini0)
 *(.hightext)
 *(.hightext*)
 *(.progmemx.*)
                0x0000000000005be4                . = ALIGN (0x2)
 *(.jumptables)
 *(.jumptables*)
 .jumptables.gcc.process_action
                0x0000000000005be4       0x26 .build/obj_sofle_rev1_default-colemak-dhm/quantum/action.o
 .jumptables.gcc.USB_Device_ProcessControlRequest
                0x0000000000005c0a       0x14 .build/obj_sofle_rev1_default-colemak-dhm/lib/lufa/LUFA/Drivers/USB/Core/DeviceStandardReq.o
                0x0000000000005c1e                _etext = .

.data           0x0000000000800100       0xc8 load address 0x0000000000005c1e
                0x0000000000800100                PROVIDE (__data_start = .)
 *(.data)
 *(.data*)
 .data.keyboard_report
                0x0000000000800100        0x2 .build/obj_sofle_rev1_default-colemak-dhm/quantum/action_util.o
                0x0000000000800100                keyboard_report
 .data.isLeftHand
                0x0000000000800102        0x1 .build/obj_sofle_rev1_default-colemak-dhm/quantum/split_common/split_util.o
                0x0000000000800102                isLeftHand
 .data.split_transaction_table
                0x0000000000800103       0x28 .build/obj_sofle_rev1_default-colemak-dhm/quantum/split_common/transactions.o
                0x0000000000800103                split_transaction_table
 .data.display_start.2175
                0x000000000080012b        0x7 .build/obj_sofle_rev1_default-colemak-dhm/ssd1306_sh1106.o
 .data.encoders_pad_b
                0x0000000000800132        0x1 .build/obj_sofle_rev1_default-colemak-dhm/quantum/encoder.o
 .data.encoders_pad_a
                0x0000000000800133        0x1 .build/obj_sofle_rev1_default-colemak-dhm/quantum/encoder.o
 .data.lufa_driver
                0x0000000000800134        0xc .build/obj_sofle_rev1_default-colemak-dhm/lufa.o
                0x0000000000800134                lufa_driver
 .data.keyboard_protocol
                0x0000000000800140        0x1 .build/obj_sofle_rev1_default-colemak-dhm/lufa.o
                0x0000000000800140                keyboard_protocol
 *(.gnu.linkonce.d*)
 *(.rodata)
 *(.rodata*)
 .rodata.CSWTCH.24
                0x0000000000800141       0x2e .build/obj_sofle_rev1_default-colemak-dhm/quantum/action.o
 .rodata.CSWTCH.23
                0x000000000080016f        0x3 .build/obj_sofle_rev1_default-colemak-dhm/quantum/action.o
 .rodata.CSWTCH.1
                0x0000000000800172       0x2e .build/obj_sofle_rev1_default-colemak-dhm/quantum/keymap_common.o
 .rodata.CSWTCH.0
                0x00000000008001a0        0x3 .build/obj_sofle_rev1_default-colemak-dhm/quantum/keymap_common.o
 .rodata.col_pins
                0x00000000008001a3        0x6 .build/obj_sofle_rev1_default-colemak-dhm/quantum/matrix.o
 .rodata.row_pins
                0x00000000008001a9        0x5 .build/obj_sofle_rev1_default-colemak-dhm/quantum/matrix.o
 .rodata.split_shmem
                0x00000000008001ae        0x2 .build/obj_sofle_rev1_default-colemak-dhm/quantum/split_common/transport.o
                0x00000000008001ae                split_shmem
 .rodata.source_map.2176
                0x00000000008001b0        0x4 .build/obj_sofle_rev1_default-colemak-dhm/ssd1306_sh1106.o
 .rodata.target_map.2177
                0x00000000008001b4        0x4 .build/obj_sofle_rev1_default-colemak-dhm/ssd1306_sh1106.o
 .rodata.encoder_LUT
                0x00000000008001b8       0x10 .build/obj_sofle_rev1_default-colemak-dhm/quantum/encoder.o
 *(.gnu.linkonce.r*)
                0x00000000008001c8                . = ALIGN (0x2)
                0x00000000008001c8                _edata = .
                0x00000000008001c8                PROVIDE (__data_end = .)

.bss            0x00000000008001c8      0x351
                0x00000000008001c8                PROVIDE (__bss_start = .)
 *(.bss)
 .bss           0x00000000008001c8        0x2 .build/obj_sofle_rev1_default-colemak-dhm/platforms/avr/xprintf.o
                0x00000000008001c8                xfunc_out
 *(.bss*)
 .bss.last_led_status.2220
                0x00000000008001ca        0x1 .build/obj_sofle_rev1_default-colemak-dhm/quantum/led.o
 .bss.matrix_swap_state.3480
                0x00000000008001cb        0x8 .build/obj_sofle_rev1_default-colemak-dhm/quantum/action.o
 .bss.disable_action_cache
                0x00000000008001d3        0x1 .build/obj_sofle_rev1_default-colemak-dhm/quantum/action.o
                0x00000000008001d3                disable_action_cache
 .bss.swap_held
                0x00000000008001d4        0x1 .build/obj_sofle_rev1_default-colemak-dhm/quantum/action.o
                0x00000000008001d4                swap_held
 .bss.swap_hands
                0x00000000008001d5        0x1 .build/obj_sofle_rev1_default-colemak-dhm/quantum/action.o
                0x00000000008001d5                swap_hands
 .bss.source_layers_cache
                0x00000000008001d6       0x28 .build/obj_sofle_rev1_default-colemak-dhm/quantum/action_layer.o
                0x00000000008001d6                source_layers_cache
 .bss.layer_state
                0x00000000008001fe        0x4 .build/obj_sofle_rev1_default-colemak-dhm/quantum/action_layer.o
                0x00000000008001fe                layer_state
 .bss.default_layer_state
                0x0000000000800202        0x4 .build/obj_sofle_rev1_default-colemak-dhm/quantum/action_layer.o
                0x0000000000800202                default_layer_state
 .bss.waiting_buffer_tail
                0x0000000000800206        0x1 .build/obj_sofle_rev1_default-colemak-dhm/quantum/action_tapping.o
 .bss.waiting_buffer_head
                0x0000000000800207        0x1 .build/obj_sofle_rev1_default-colemak-dhm/quantum/action_tapping.o
 .bss.waiting_buffer
                0x0000000000800208       0x30 .build/obj_sofle_rev1_default-colemak-dhm/quantum/action_tapping.o
 .bss.tapping_key
                0x0000000000800238        0x6 .build/obj_sofle_rev1_default-colemak-dhm/quantum/action_tapping.o
 .bss.last_report.2890
                0x000000000080023e        0x8 .build/obj_sofle_rev1_default-colemak-dhm/quantum/action_util.o
 .bss.swap_hands_oneshot
                0x0000000000800246        0x1 .build/obj_sofle_rev1_default-colemak-dhm/quantum/action_util.o